[listing-localization] translate_full_product: /usr/bin/python3 /Users/fsuels/Projects/dresslikemommy/ops/scripts/poll_shopify_product_translations.py --handles blue-tropical-floral-family-matching-beach-dress-and-shirt-set,indigo-pocket-family-matching-set,summer-sky-stripe-family-matching-set,sunset-ombre-family-matching-set,terracotta-tile-family-matching-set,trail-plaid-family-matching-set,trick-or-treat-family-matching-pajamas,vibrant-rainbow-family-matching-outfits-striped-t-shirts-and-yellow-overalls-set-for-family-outings --min-age-seconds 0 --execute --force-refresh
[progress] product=vibrant-rainbow-family-matching-outfits-striped-t-shirts-and-yellow-overalls-set-for-family-outings locale=ar oversized=1/1 completed=1/12 cache=1713
[progress] product=vibrant-rainbow-family-matching-outfits-striped-t-shirts-and-yellow-overalls-set-for-family-outings locale=ar batch=1/1 completed=12/12 cache=1724
[progress] product=vibrant-rainbow-family-matching-outfits-striped-t-shirts-and-yellow-overalls-set-for-family-outings locale=cs oversized=1/1 completed=1/12 cache=1713
[progress] product=vibrant-rainbow-family-matching-outfits-striped-t-shirts-and-yellow-overalls-set-for-family-outings locale=cs batch=1/1 completed=12/12 cache=1724
[progress] product=vibrant-rainbow-family-matching-outfits-striped-t-shirts-and-yellow-overalls-set-for-family-outings locale=da oversized=1/1 completed=1/12 cache=1713
[progress] product=vibrant-rainbow-family-matching-outfits-striped-t-shirts-and-yellow-overalls-set-for-family-outings locale=da batch=1/1 completed=12/12 cache=1724
[progress] product=vibrant-rainbow-family-matching-outfits-striped-t-shirts-and-yellow-overalls-set-for-family-outings locale=de oversized=1/1 completed=1/12 cache=1713
[progress] product=vibrant-rainbow-family-matching-outfits-striped-t-shirts-and-yellow-overalls-set-for-family-outings locale=de batch=1/1 completed=12/12 cache=1724
[progress] product=vibrant-rainbow-family-matching-outfits-striped-t-shirts-and-yellow-overalls-set-for-family-outings locale=el oversized=1/1 completed=1/12 cache=1713
[progress] product=vibrant-rainbow-family-matching-outfits-striped-t-shirts-and-yellow-overalls-set-for-family-outings locale=el batch=1/1 completed=12/12 cache=1724
[progress] product=vibrant-rainbow-family-matching-outfits-striped-t-shirts-and-yellow-overalls-set-for-family-outings locale=es oversized=1/1 completed=1/12 cache=2040
[progress] product=vibrant-rainbow-family-matching-outfits-striped-t-shirts-and-yellow-overalls-set-for-family-outings locale=es batch=1/1 completed=12/12 cache=2051
[progress] product=vibrant-rainbow-family-matching-outfits-striped-t-shirts-and-yellow-overalls-set-for-family-outings locale=fi oversized=1/1 completed=1/12 cache=1711
[progress] product=vibrant-rainbow-family-matching-outfits-striped-t-shirts-and-yellow-overalls-set-for-family-outings locale=fi batch=1/1 completed=12/12 cache=1722
[progress] product=vibrant-rainbow-family-matching-outfits-striped-t-shirts-and-yellow-overalls-set-for-family-outings locale=fr oversized=1/1 completed=1/12 cache=1708
[progress] product=vibrant-rainbow-family-matching-outfits-striped-t-shirts-and-yellow-overalls-set-for-family-outings locale=fr batch=1/1 completed=12/12 cache=1719
[progress] product=vibrant-rainbow-family-matching-outfits-striped-t-shirts-and-yellow-overalls-set-for-family-outings locale=he oversized=1/1 completed=1/12 cache=1708
[progress] product=vibrant-rainbow-family-matching-outfits-striped-t-shirts-and-yellow-overalls-set-for-family-outings locale=he batch=1/1 completed=12/12 cache=1719
[progress] product=vibrant-rainbow-family-matching-outfits-striped-t-shirts-and-yellow-overalls-set-for-family-outings locale=hi oversized=1/1 completed=1/12 cache=1708
[progress] product=vibrant-rainbow-family-matching-outfits-striped-t-shirts-and-yellow-overalls-set-for-family-outings locale=hi batch=1/1 completed=12/12 cache=1719
[progress] product=vibrant-rainbow-family-matching-outfits-striped-t-shirts-and-yellow-overalls-set-for-family-outings locale=it oversized=1/1 completed=1/12 cache=1702
[progress] product=vibrant-rainbow-family-matching-outfits-striped-t-shirts-and-yellow-overalls-set-for-family-outings locale=it batch=1/1 completed=12/12 cache=1713
[progress] product=vibrant-rainbow-family-matching-outfits-striped-t-shirts-and-yellow-overalls-set-for-family-outings locale=ja oversized=1/1 completed=1/12 cache=1701
[progress] product=vibrant-rainbow-family-matching-outfits-striped-t-shirts-and-yellow-overalls-set-for-family-outings locale=ja batch=1/1 completed=12/12 cache=1712
[progress] product=vibrant-rainbow-family-matching-outfits-striped-t-shirts-and-yellow-overalls-set-for-family-outings locale=ko oversized=1/1 completed=1/12 cache=1701
[progress] product=vibrant-rainbow-family-matching-outfits-striped-t-shirts-and-yellow-overalls-set-for-family-outings locale=ko batch=1/1 completed=12/12 cache=1712
[progress] product=vibrant-rainbow-family-matching-outfits-striped-t-shirts-and-yellow-overalls-set-for-family-outings locale=nl oversized=1/1 completed=1/12 cache=1700
[progress] product=vibrant-rainbow-family-matching-outfits-striped-t-shirts-and-yellow-overalls-set-for-family-outings locale=nl batch=1/1 completed=12/12 cache=1711
[progress] product=vibrant-rainbow-family-matching-outfits-striped-t-shirts-and-yellow-overalls-set-for-family-outings locale=no oversized=1/1 completed=1/12 cache=1700
[progress] product=vibrant-rainbow-family-matching-outfits-striped-t-shirts-and-yellow-overalls-set-for-family-outings locale=no batch=1/1 completed=12/12 cache=1711
[progress] product=vibrant-rainbow-family-matching-outfits-striped-t-shirts-and-yellow-overalls-set-for-family-outings locale=pl oversized=1/1 completed=1/12 cache=1700
[progress] product=vibrant-rainbow-family-matching-outfits-striped-t-shirts-and-yellow-overalls-set-for-family-outings locale=pl batch=1/1 completed=12/12 cache=1711
[progress] product=vibrant-rainbow-family-matching-outfits-striped-t-shirts-and-yellow-overalls-set-for-family-outings locale=pt-BR oversized=1/1 completed=1/12 cache=1697
[progress] product=vibrant-rainbow-family-matching-outfits-striped-t-shirts-and-yellow-overalls-set-for-family-outings locale=pt-BR batch=1/1 completed=12/12 cache=1708
[progress] product=vibrant-rainbow-family-matching-outfits-striped-t-shirts-and-yellow-overalls-set-for-family-outings locale=ro oversized=1/1 completed=1/12 cache=1697
[progress] product=vibrant-rainbow-family-matching-outfits-striped-t-shirts-and-yellow-overalls-set-for-family-outings locale=ro batch=1/1 completed=12/12 cache=1708
[progress] product=vibrant-rainbow-family-matching-outfits-striped-t-shirts-and-yellow-overalls-set-for-family-outings locale=ru oversized=1/1 completed=1/12 cache=1696
[progress] product=vibrant-rainbow-family-matching-outfits-striped-t-shirts-and-yellow-overalls-set-for-family-outings locale=ru batch=1/1 completed=12/12 cache=1707
[progress] product=vibrant-rainbow-family-matching-outfits-striped-t-shirts-and-yellow-overalls-set-for-family-outings locale=sv oversized=1/1 completed=1/12 cache=1695
[progress] product=vibrant-rainbow-family-matching-outfits-striped-t-shirts-and-yellow-overalls-set-for-family-outings locale=sv batch=1/1 completed=12/12 cache=1706
[progress] product=blue-tropical-floral-family-matching-beach-dress-and-shirt-set locale=ar batch=1/1 completed=9/9 cache=1729
[progress] product=blue-tropical-floral-family-matching-beach-dress-and-shirt-set locale=cs batch=1/1 completed=9/9 cache=1729
[progress] product=blue-tropical-floral-family-matching-beach-dress-and-shirt-set locale=da batch=1/1 completed=9/9 cache=1729
[progress] product=blue-tropical-floral-family-matching-beach-dress-and-shirt-set locale=de batch=1/1 completed=9/9 cache=1729
[progress] product=blue-tropical-floral-family-matching-beach-dress-and-shirt-set locale=el batch=1/1 completed=9/9 cache=1729
[progress] product=blue-tropical-floral-family-matching-beach-dress-and-shirt-set locale=es batch=1/1 completed=8/8 cache=2055
[progress] product=blue-tropical-floral-family-matching-beach-dress-and-shirt-set locale=fi batch=1/1 completed=9/9 cache=1727
[progress] product=blue-tropical-floral-family-matching-beach-dress-and-shirt-set locale=fr batch=1/1 completed=9/9 cache=1724
[progress] product=blue-tropical-floral-family-matching-beach-dress-and-shirt-set locale=he batch=1/1 completed=9/9 cache=1724
[progress] product=blue-tropical-floral-family-matching-beach-dress-and-shirt-set locale=hi batch=1/1 completed=9/9 cache=1724
[progress] product=blue-tropical-floral-family-matching-beach-dress-and-shirt-set locale=it batch=1/1 completed=9/9 cache=1718
[progress] product=blue-tropical-floral-family-matching-beach-dress-and-shirt-set locale=ja batch=1/1 completed=9/9 cache=1717
[progress] product=blue-tropical-floral-family-matching-beach-dress-and-shirt-set locale=ko batch=1/1 completed=9/9 cache=1717
[progress] product=blue-tropical-floral-family-matching-beach-dress-and-shirt-set locale=nl batch=1/1 completed=9/9 cache=1716
[progress] product=blue-tropical-floral-family-matching-beach-dress-and-shirt-set locale=no batch=1/1 completed=9/9 cache=1716
[progress] product=blue-tropical-floral-family-matching-beach-dress-and-shirt-set locale=pl batch=1/1 completed=9/9 cache=1716
[progress] product=blue-tropical-floral-family-matching-beach-dress-and-shirt-set locale=pt-BR batch=1/1 completed=9/9 cache=1713
[progress] product=blue-tropical-floral-family-matching-beach-dress-and-shirt-set locale=ro batch=1/1 completed=9/9 cache=1713
[progress] product=blue-tropical-floral-family-matching-beach-dress-and-shirt-set locale=ru batch=1/1 completed=9/9 cache=1712
[progress] product=blue-tropical-floral-family-matching-beach-dress-and-shirt-set locale=sv batch=1/1 completed=9/9 cache=1711
[progress] product=trail-plaid-family-matching-set locale=ar oversized=1/1 completed=1/2 cache=1729
[progress] product=trail-plaid-family-matching-set locale=ar batch=1/1 completed=2/2 cache=1730
[progress] product=trail-plaid-family-matching-set locale=cs oversized=1/1 completed=1/2 cache=1729
[progress] product=trail-plaid-family-matching-set locale=cs batch=1/1 completed=2/2 cache=1730
[progress] product=trail-plaid-family-matching-set locale=da oversized=1/1 completed=1/2 cache=1729
[progress] product=trail-plaid-family-matching-set locale=da batch=1/1 completed=2/2 cache=1730
[progress] product=trail-plaid-family-matching-set locale=de oversized=1/1 completed=1/2 cache=1729
[progress] product=trail-plaid-family-matching-set locale=de batch=1/1 completed=2/2 cache=1730
[progress] product=trail-plaid-family-matching-set locale=el oversized=1/1 completed=1/2 cache=1729
[progress] product=trail-plaid-family-matching-set locale=el batch=1/1 completed=2/2 cache=1730
[progress] product=trail-plaid-family-matching-set locale=es oversized=1/1 completed=1/2 cache=2055
[progress] product=trail-plaid-family-matching-set locale=es batch=1/1 completed=2/2 cache=2056
[progress] product=trail-plaid-family-matching-set locale=fi oversized=1/1 completed=1/2 cache=1727
[progress] product=trail-plaid-family-matching-set locale=fi batch=1/1 completed=2/2 cache=1728
[progress] product=trail-plaid-family-matching-set locale=fr oversized=1/1 completed=1/2 cache=1724
[progress] product=trail-plaid-family-matching-set locale=fr batch=1/1 completed=2/2 cache=1725
[progress] product=trail-plaid-family-matching-set locale=he oversized=1/1 completed=1/2 cache=1724
[progress] product=trail-plaid-family-matching-set locale=he batch=1/1 completed=2/2 cache=1725
[progress] product=trail-plaid-family-matching-set locale=hi oversized=1/1 completed=1/2 cache=1724
[progress] product=trail-plaid-family-matching-set locale=hi batch=1/1 completed=2/2 cache=1725
[progress] product=trail-plaid-family-matching-set locale=it oversized=1/1 completed=1/2 cache=1718
[progress] product=trail-plaid-family-matching-set locale=it batch=1/1 completed=2/2 cache=1719
[progress] product=trail-plaid-family-matching-set locale=ja oversized=1/1 completed=1/2 cache=1717
[progress] product=trail-plaid-family-matching-set locale=ja batch=1/1 completed=2/2 cache=1718
[progress] product=trail-plaid-family-matching-set locale=ko oversized=1/1 completed=1/2 cache=1717
[progress] product=trail-plaid-family-matching-set locale=ko batch=1/1 completed=2/2 cache=1718
[progress] product=trail-plaid-family-matching-set locale=nl oversized=1/1 completed=1/2 cache=1716
[progress] product=trail-plaid-family-matching-set locale=nl batch=1/1 completed=2/2 cache=1717
[progress] product=trail-plaid-family-matching-set locale=no oversized=1/1 completed=1/2 cache=1716
[progress] product=trail-plaid-family-matching-set locale=no batch=1/1 completed=2/2 cache=1717
[progress] product=trail-plaid-family-matching-set locale=pl oversized=1/1 completed=1/2 cache=1716
[progress] product=trail-plaid-family-matching-set locale=pl batch=1/1 completed=2/2 cache=1717
[progress] product=trail-plaid-family-matching-set locale=pt-BR oversized=1/1 completed=1/2 cache=1713
[progress] product=trail-plaid-family-matching-set locale=pt-BR batch=1/1 completed=2/2 cache=1714
[progress] product=trail-plaid-family-matching-set locale=ro oversized=1/1 completed=1/2 cache=1713
[progress] product=trail-plaid-family-matching-set locale=ro batch=1/1 completed=2/2 cache=1714
[progress] product=trail-plaid-family-matching-set locale=ru oversized=1/1 completed=1/2 cache=1712
[progress] product=trail-plaid-family-matching-set locale=ru batch=1/1 completed=2/2 cache=1713
[progress] product=trail-plaid-family-matching-set locale=sv oversized=1/1 completed=1/2 cache=1711
[progress] product=trail-plaid-family-matching-set locale=sv batch=1/1 completed=2/2 cache=1712
{
  "store_domain": "dresslikemommy-com.myshopify.com",
  "locales": [
    "ar",
    "cs",
    "da",
    "de",
    "el",
    "es",
    "fi",
    "fr",
    "he",
    "hi",
    "it",
    "ja",
    "ko",
    "nl",
    "no",
    "pl",
    "pt-BR",
    "ro",
    "ru",
    "sv"
  ],
  "candidate_products": 8,
  "processed_products": 3,
  "finalized_product_ids": [],
  "blocked_by_error": false,
  "execute": true,
  "option_resources_only": false,
  "deterministic_repairs_only": false,
  "state_path": "/Users/fsuels/.config/dresslikemommy/shopify-product-translation-state.json",
  "cache_path": "/Users/fsuels/Projects/dresslikemommy/ops/content/shopify-product-translation-live-cache.json"
}
/Users/fsuels/Library/Python/3.9/lib/python/site-packages/urllib3/__init__.py:35: NotOpenSSLWarning: urllib3 v2 only supports OpenSSL 1.1.1+, currently the 'ssl' module is compiled with 'LibreSSL 2.8.3'. See: https://github.com/urllib3/urllib3/issues/3020
  warnings.warn(
[listing-localization] audit_full_product_before_size_repair: /usr/bin/python3 /Users/fsuels/Projects/dresslikemommy/ops/scripts/audit_shopify_product_translation_completeness.py --handles blue-tropical-floral-family-matching-beach-dress-and-shirt-set,indigo-pocket-family-matching-set,summer-sky-stripe-family-matching-set,sunset-ombre-family-matching-set,terracotta-tile-family-matching-set,trail-plaid-family-matching-set,trick-or-treat-family-matching-pajamas,vibrant-rainbow-family-matching-outfits-striped-t-shirts-and-yellow-overalls-set-for-family-outings --report-json /var/folders/5t/g_ys4vp54n9c0cfg7zkjm4n00000gn/T/dlm-listing-localization-x6g__vhd/admin_translation_before_size_repair.json --report-csv /var/folders/5t/g_ys4vp54n9c0cfg7zkjm4n00000gn/T/dlm-listing-localization-x6g__vhd/admin_translation_before_size_repair.csv --fail-on-issues
{
  "store_domain": "dresslikemommy-com.myshopify.com",
  "products_checked": 8,
  "locales_checked": 20,
  "locales": [
    "ar",
    "cs",
    "da",
    "de",
    "el",
    "es",
    "fi",
    "fr",
    "he",
    "hi",
    "it",
    "ja",
    "ko",
    "nl",
    "no",
    "pl",
    "pt-BR",
    "ro",
    "ru",
    "sv"
  ],
  "eligible_translation_slots": 6720,
  "missing_count": 474,
  "outdated_count": 60,
  "source_equal_count": 0,
  "body_language_issue_count": 1,
  "issue_count": 535,
  "products_with_issues": 8,
  "products": [
    {
      "product_id": "7229128441953",
      "handle": "vibrant-rainbow-family-matching-outfits-striped-t-shirts-and-yellow-overalls-set-for-family-outings",
      "status": "ACTIVE",
      "created_at": "2024-10-27T03:38:44Z",
      "updated_at": "2026-09-27T14:05:34Z",
      "resource_count": 43,
      "issue_count": 132
    },
    {
      "product_id": "7505375232097",
      "handle": "blue-tropical-floral-family-matching-beach-dress-and-shirt-set",
      "status": "ACTIVE",
      "created_at": "2026-03-07T12:00:52Z",
      "updated_at": "2026-09-27T15:33:56Z",
      "resource_count": 39,
      "issue_count": 83
    },
    {
      "product_id": "7536337125473",
      "handle": "trail-plaid-family-matching-set",
      "status": "ACTIVE",
      "created_at": "2026-04-23T18:11:06Z",
      "updated_at": "2026-09-27T14:06:54Z",
      "resource_count": 49,
      "issue_count": 20
    },
    {
      "product_id": "7536457941089",
      "handle": "summer-sky-stripe-family-matching-set",
      "status": "ACTIVE",
      "created_at": "2026-04-23T20:27:58Z",
      "updated_at": "2026-09-27T14:06:57Z",
      "resource_count": 39,
      "issue_count": 60
    },
    {
      "product_id": "7536709009505",
      "handle": "indigo-pocket-family-matching-set",
      "status": "ACTIVE",
      "created_at": "2026-04-24T04:41:19Z",
      "updated_at": "2026-09-27T14:07:03Z",
      "resource_count": 38,
      "issue_count": 40
    },
    {
      "product_id": "7537002971233",
      "handle": "terracotta-tile-family-matching-set",
      "status": "ACTIVE",
      "created_at": "2026-04-24T15:13:31Z",
      "updated_at": "2026-09-27T14:07:12Z",
      "resource_count": 44,
      "issue_count": 60
    },
    {
      "product_id": "7585867432033",
      "handle": "sunset-ombre-family-matching-set",
      "status": "ACTIVE",
      "created_at": "2026-06-09T17:15:02Z",
      "updated_at": "2026-09-27T14:07:40Z",
      "resource_count": 46,
      "issue_count": 40
    },
    {
      "product_id": "9473013448801",
      "handle": "trick-or-treat-family-matching-pajamas",
      "status": "ACTIVE",
      "created_at": "2026-09-25T18:13:02Z",
      "updated_at": "2026-09-27T14:08:02Z",
      "resource_count": 37,
      "issue_count": 100
    }
  ]
}
/Users/fsuels/Library/Python/3.9/lib/python/site-packages/urllib3/__init__.py:35: NotOpenSSLWarning: urllib3 v2 only supports OpenSSL 1.1.1+, currently the 'ssl' module is compiled with 'LibreSSL 2.8.3'. See: https://github.com/urllib3/urllib3/issues/3020
  warnings.warn(
[listing-localization] FAILED at audit_full_product_before_size_repair; listing closeout is not complete. Evidence: /Users/fsuels/Projects/dresslikemommy/dresslikemommy-growth-2026/02_AUDIT_PACKETS/2026-09-26-ux-ten-fixes/lanes/descriptions/translate/full_closeout.json
