{"click_by_text": ["All time", "2017年5月4日", "2026年5月9日", "May 4, 2017", "Date range"], "result": {"clicked": true, "label": "2017年5月4日 - 2026年5月9日\narrow_drop_down"}}
{"click_by_text": ["Custom", "自定义", "Custom range"], "result": {"clicked": true, "label": "自定义\n今天\n昨天\n本周（周一 - 今天）\narrow_right\n过去 7 天\n上周（周一至周日）\narrow_right\n过去 14 天\n本月\n过去 30 天\n上个月\n所有时间\n天（从今天倒推）\n天（从昨天倒推）\n对比\n起始日期\n \n—\n结束日期\n \n2017年5月\narrow_drop_down\nchevron_left\nchevron_right\n一二三四五六日\n2017年3月\n2017年4月\n2017年5月\n2017年6月\n2017年7月"}}
{"fill_visible_dates": {"count": 4, "before": [{"i": 0, "value": "30", "aria": "", "placeholder": ""}, {"i": 1, "value": "30", "aria": "", "placeholder": ""}, {"i": 2, "value": "2017/5/4", "aria": "", "placeholder": ""}, {"i": 3, "value": "2026年5月9日", "aria": "", "placeholder": ""}], "after": [{"i": 0, "value": "2026年5月6日", "aria": "", "placeholder": ""}, {"i": 1, "value": "2026年5月9日", "aria": "", "placeholder": ""}, {"i": 2, "value": "2017/5/4", "aria": "", "placeholder": ""}, {"i": 3, "value": "2026年5月9日", "aria": "", "placeholder": ""}]}}
{"custom_clicked": true, "applied": {"clicked": true, "label": "应用"}}
{"click_by_text": ["All time", "2017年5月4日", "2026年5月9日", "May 4, 2017", "Date range"], "result": {"clicked": true, "label": "2017年5月4日 - 2026年5月9日\narrow_drop_down"}}
{"click_by_text": ["Custom", "自定义", "Custom range"], "result": {"clicked": true, "label": "自定义\n今天\n昨天\n本周（周一 - 今天）\narrow_right\n过去 7 天\n上周（周一至周日）\narrow_right\n过去 14 天\n本月\n过去 30 天\n上个月\n所有时间\n天（从今天倒推）\n天（从昨天倒推）\n对比\n起始日期\n \n—\n结束日期\n \n2017年5月\narrow_drop_down\nchevron_left\nchevron_right\n一二三四五六日\n2017年3月\n2017年4月\n2017年5月\n2017年6月\n2017年7月"}}
{"fill_visible_dates": {"count": 4, "dateInputCount": 2, "before": [{"i": 0, "value": "30", "aria": "", "placeholder": ""}, {"i": 1, "value": "30", "aria": "", "placeholder": ""}, {"i": 2, "value": "2017/5/4", "aria": "", "placeholder": ""}, {"i": 3, "value": "2026年5月9日", "aria": "", "placeholder": ""}], "after": [{"i": 0, "value": "30", "aria": "", "placeholder": ""}, {"i": 1, "value": "30", "aria": "", "placeholder": ""}, {"i": 2, "value": "2026年5月6日", "aria": "", "placeholder": ""}, {"i": 3, "value": "2026年5月9日", "aria": "", "placeholder": ""}]}}
{"custom_clicked": true, "applied": {"clicked": true, "label": "应用"}}
{"click_by_text": ["All time", "2017年5月4日", "2026年5月9日", "May 4, 2017", "Date range"], "result": {"clicked": true, "label": "2017年5月4日 - 2026年5月9日\narrow_drop_down"}}
{"click_by_text": ["Custom", "自定义", "Custom range"], "result": {"clicked": true, "label": "自定义\n今天\n昨天\n本周（周一 - 今天）\narrow_right\n过去 7 天\n上周（周一至周日）\narrow_right\n过去 14 天\n本月\n过去 30 天\n上个月\n所有时间\n天（从今天倒推）\n天（从昨天倒推）\n对比\n起始日期\n \n—\n结束日期\n \n2017年5月\narrow_drop_down\nchevron_left\nchevron_right\n一二三四五六日\n2017年3月\n2017年4月\n2017年5月\n2017年6月\n2017年7月"}}
{"fill_visible_dates": {"count": 4, "dateInputCount": 2, "before": [{"i": 0, "value": "30", "aria": "", "placeholder": ""}, {"i": 1, "value": "30", "aria": "", "placeholder": ""}, {"i": 2, "value": "2017/5/4", "aria": "", "placeholder": ""}, {"i": 3, "value": "2026年5月9日", "aria": "", "placeholder": ""}], "after": [{"i": 0, "value": "30", "aria": "", "placeholder": ""}, {"i": 1, "value": "30", "aria": "", "placeholder": ""}, {"i": 2, "value": "2026年5月6日", "aria": "", "placeholder": ""}, {"i": 3, "value": "2026年5月9日", "aria": "", "placeholder": ""}]}}
{"custom_clicked": true, "applied": {"clicked": true, "label": "应用"}}
{"click_by_text": ["All time", "2017年5月4日", "2026年5月9日", "May 4, 2017", "Date range"], "result": {"clicked": true, "label": "2017年5月4日 - 2026年5月9日\narrow_drop_down"}}
{"click_by_text": ["Custom", "自定义", "Custom range"], "result": {"clicked": true, "label": "自定义\n今天\n昨天\n本周（周一 - 今天）\narrow_right\n过去 7 天\n上周（周一至周日）\narrow_right\n过去 14 天\n本月\n过去 30 天\n上个月\n所有时间\n天（从今天倒推）\n天（从昨天倒推）\n对比\n起始日期\n \n—\n结束日期\n \n2017年5月\narrow_drop_down\nchevron_left\nchevron_right\n一二三四五六日\n2017年3月\n2017年4月\n2017年5月\n2017年6月\n2017年7月"}}
{"fill_visible_dates": {"count": 4, "dateInputCount": 2, "before": [{"i": 0, "value": "30", "aria": "", "placeholder": ""}, {"i": 1, "value": "30", "aria": "", "placeholder": ""}, {"i": 2, "value": "2017/5/4", "aria": "", "placeholder": ""}, {"i": 3, "value": "2026年5月9日", "aria": "", "placeholder": ""}], "after": [{"i": 0, "value": "30", "aria": "", "placeholder": ""}, {"i": 1, "value": "30", "aria": "", "placeholder": ""}, {"i": 2, "value": "2026年5月6日", "aria": "", "placeholder": ""}, {"i": 3, "value": "2026年5月9日", "aria": "", "placeholder": ""}]}}
{"custom_clicked": true, "applied": {"clicked": true, "label": "应用"}}
{"click_by_text": ["All time", "2017年5月4日", "2026年5月9日", "May 4, 2017", "Date range"], "result": {"clicked": true, "label": "2017年5月4日 - 2026年5月9日\narrow_drop_down"}}
{"click_by_text": ["Custom", "自定义", "Custom range"], "result": {"clicked": true, "label": "自定义标签"}}
{"fill_visible_dates": {"count": 0, "dateInputCount": 0, "before": [], "after": []}}
{"custom_clicked": true, "applied": {"clicked": true, "label": "应用"}}
