[listing-localization] translate_full_product: /usr/bin/python3 /Users/fsuels/Projects/dresslikemommy/ops/scripts/poll_shopify_product_translations.py --handles beanie-ghost-family-matching-pajamas,boo-stripe-family-matching-pajamas,candy-cane-reindeer-family-matching-sweaters,christmas-reindeer-family-matching-sweaters,christmas-stocking-family-matching-sweaters,ho-ho-santa-family-matching-sweaters,indigo-pocket-family-matching-set,jingle-bells-santa-family-matching-sweaters,matching-father-son-tropical-floral-shirt-100-cotton-short-sleeve-button-up-teal-green,men-kids-matching-tropical-leaf-print-cotton-short-sleeve-shirt-cream-green,men-s-cotton-floral-short-sleeve-button-up-shirt-navy-blue,monster-bloom-family-matching-onesie-pajamas,morning-blooms-family-matching-set,nordic-heart-reindeer-family-matching-sweaters,nordic-reindeer-family-matching-sweaters,polar-bear-christmas-family-matching-sweaters,pumpkin-ghost-family-matching-pajamas,reindeer-row-family-matching-sweaters,reindeer-string-lights-family-matching-sweaters,rosewater-ombre-mommy-and-me-dresses,santa-hat-reindeer-family-matching-sweaters,santa-tree-delivery-family-matching-sweaters,santa-tree-topper-family-matching-sweaters,shine-star-family-matching-sweatshirts,snowflake-reindeer-family-matching-onesie-pajamas,spooky-skeleton-family-matching-onesie-pajamas,summer-sky-stripe-family-matching-set,sunset-ombre-family-matching-set,terracotta-tile-family-matching-set,trail-plaid-family-matching-set,trick-or-treat-family-matching-pajamas,vibrant-rainbow-family-matching-outfits-striped-t-shirts-and-yellow-overalls-set-for-family-outings --min-age-seconds 0 --execute --force-refresh
[progress] product=vibrant-rainbow-family-matching-outfits-striped-t-shirts-and-yellow-overalls-set-for-family-outings locale=ar oversized=1/1 completed=1/12 cache=1060
[progress] product=vibrant-rainbow-family-matching-outfits-striped-t-shirts-and-yellow-overalls-set-for-family-outings locale=ar batch=1/1 completed=12/12 cache=1071
[progress] product=vibrant-rainbow-family-matching-outfits-striped-t-shirts-and-yellow-overalls-set-for-family-outings locale=cs oversized=1/1 completed=1/12 cache=1060
[progress] product=vibrant-rainbow-family-matching-outfits-striped-t-shirts-and-yellow-overalls-set-for-family-outings locale=cs batch=1/1 completed=12/12 cache=1071
[progress] product=vibrant-rainbow-family-matching-outfits-striped-t-shirts-and-yellow-overalls-set-for-family-outings locale=da oversized=1/1 completed=1/12 cache=1060
[progress] product=vibrant-rainbow-family-matching-outfits-striped-t-shirts-and-yellow-overalls-set-for-family-outings locale=da batch=1/1 completed=12/12 cache=1071
[progress] product=vibrant-rainbow-family-matching-outfits-striped-t-shirts-and-yellow-overalls-set-for-family-outings locale=de oversized=1/1 completed=1/12 cache=1060
[progress] product=vibrant-rainbow-family-matching-outfits-striped-t-shirts-and-yellow-overalls-set-for-family-outings locale=de batch=1/1 completed=12/12 cache=1071
[progress] product=vibrant-rainbow-family-matching-outfits-striped-t-shirts-and-yellow-overalls-set-for-family-outings locale=el oversized=1/1 completed=1/12 cache=1060
[progress] product=vibrant-rainbow-family-matching-outfits-striped-t-shirts-and-yellow-overalls-set-for-family-outings locale=el batch=1/1 completed=12/12 cache=1071
[progress] product=vibrant-rainbow-family-matching-outfits-striped-t-shirts-and-yellow-overalls-set-for-family-outings locale=es oversized=1/1 completed=1/12 cache=1404
[progress] product=vibrant-rainbow-family-matching-outfits-striped-t-shirts-and-yellow-overalls-set-for-family-outings locale=es batch=1/1 completed=12/12 cache=1415
[progress] product=vibrant-rainbow-family-matching-outfits-striped-t-shirts-and-yellow-overalls-set-for-family-outings locale=fi oversized=1/1 completed=1/12 cache=1058
[progress] product=vibrant-rainbow-family-matching-outfits-striped-t-shirts-and-yellow-overalls-set-for-family-outings locale=fi batch=1/1 completed=12/12 cache=1069
[progress] product=vibrant-rainbow-family-matching-outfits-striped-t-shirts-and-yellow-overalls-set-for-family-outings locale=fr oversized=1/1 completed=1/12 cache=1055
[progress] product=vibrant-rainbow-family-matching-outfits-striped-t-shirts-and-yellow-overalls-set-for-family-outings locale=fr batch=1/1 completed=12/12 cache=1066
[progress] product=vibrant-rainbow-family-matching-outfits-striped-t-shirts-and-yellow-overalls-set-for-family-outings locale=he oversized=1/1 completed=1/12 cache=1055
[progress] product=vibrant-rainbow-family-matching-outfits-striped-t-shirts-and-yellow-overalls-set-for-family-outings locale=he batch=1/1 completed=12/12 cache=1066
[progress] product=vibrant-rainbow-family-matching-outfits-striped-t-shirts-and-yellow-overalls-set-for-family-outings locale=hi oversized=1/1 completed=1/12 cache=1055
[progress] product=vibrant-rainbow-family-matching-outfits-striped-t-shirts-and-yellow-overalls-set-for-family-outings locale=hi batch=1/1 completed=12/12 cache=1066
[progress] product=vibrant-rainbow-family-matching-outfits-striped-t-shirts-and-yellow-overalls-set-for-family-outings locale=it oversized=1/1 completed=1/12 cache=1049
[progress] product=vibrant-rainbow-family-matching-outfits-striped-t-shirts-and-yellow-overalls-set-for-family-outings locale=it batch=1/1 completed=12/12 cache=1060
[progress] product=vibrant-rainbow-family-matching-outfits-striped-t-shirts-and-yellow-overalls-set-for-family-outings locale=ja oversized=1/1 completed=1/12 cache=1048
[progress] product=vibrant-rainbow-family-matching-outfits-striped-t-shirts-and-yellow-overalls-set-for-family-outings locale=ja batch=1/1 completed=12/12 cache=1059
[progress] product=vibrant-rainbow-family-matching-outfits-striped-t-shirts-and-yellow-overalls-set-for-family-outings locale=ko oversized=1/1 completed=1/12 cache=1048
[progress] product=vibrant-rainbow-family-matching-outfits-striped-t-shirts-and-yellow-overalls-set-for-family-outings locale=ko batch=1/1 completed=12/12 cache=1059
[progress] product=vibrant-rainbow-family-matching-outfits-striped-t-shirts-and-yellow-overalls-set-for-family-outings locale=nl oversized=1/1 completed=1/12 cache=1047
[progress] product=vibrant-rainbow-family-matching-outfits-striped-t-shirts-and-yellow-overalls-set-for-family-outings locale=nl batch=1/1 completed=12/12 cache=1058
[progress] product=vibrant-rainbow-family-matching-outfits-striped-t-shirts-and-yellow-overalls-set-for-family-outings locale=no oversized=1/1 completed=1/12 cache=1047
[progress] product=vibrant-rainbow-family-matching-outfits-striped-t-shirts-and-yellow-overalls-set-for-family-outings locale=no batch=1/1 completed=12/12 cache=1058
[progress] product=vibrant-rainbow-family-matching-outfits-striped-t-shirts-and-yellow-overalls-set-for-family-outings locale=pl oversized=1/1 completed=1/12 cache=1047
[progress] product=vibrant-rainbow-family-matching-outfits-striped-t-shirts-and-yellow-overalls-set-for-family-outings locale=pl batch=1/1 completed=12/12 cache=1058
[progress] product=vibrant-rainbow-family-matching-outfits-striped-t-shirts-and-yellow-overalls-set-for-family-outings locale=pt-BR oversized=1/1 completed=1/12 cache=1046
[progress] product=vibrant-rainbow-family-matching-outfits-striped-t-shirts-and-yellow-overalls-set-for-family-outings locale=pt-BR batch=1/1 completed=12/12 cache=1057
[progress] product=vibrant-rainbow-family-matching-outfits-striped-t-shirts-and-yellow-overalls-set-for-family-outings locale=ro oversized=1/1 completed=1/12 cache=1046
[progress] product=vibrant-rainbow-family-matching-outfits-striped-t-shirts-and-yellow-overalls-set-for-family-outings locale=ro batch=1/1 completed=12/12 cache=1057
[progress] product=vibrant-rainbow-family-matching-outfits-striped-t-shirts-and-yellow-overalls-set-for-family-outings locale=ru oversized=1/1 completed=1/12 cache=1041
[progress] product=vibrant-rainbow-family-matching-outfits-striped-t-shirts-and-yellow-overalls-set-for-family-outings locale=ru batch=1/1 completed=12/12 cache=1052
[progress] product=vibrant-rainbow-family-matching-outfits-striped-t-shirts-and-yellow-overalls-set-for-family-outings locale=sv oversized=1/1 completed=1/12 cache=1036
[progress] product=vibrant-rainbow-family-matching-outfits-striped-t-shirts-and-yellow-overalls-set-for-family-outings locale=sv batch=1/1 completed=12/12 cache=1047
[progress] product=matching-father-son-tropical-floral-shirt-100-cotton-short-sleeve-button-up-teal-green locale=ar batch=1/1 completed=7/7 cache=1078
[progress] product=matching-father-son-tropical-floral-shirt-100-cotton-short-sleeve-button-up-teal-green locale=cs batch=1/1 completed=7/7 cache=1078
[progress] product=matching-father-son-tropical-floral-shirt-100-cotton-short-sleeve-button-up-teal-green locale=da batch=1/1 completed=7/7 cache=1078
[progress] product=matching-father-son-tropical-floral-shirt-100-cotton-short-sleeve-button-up-teal-green locale=de batch=1/1 completed=7/7 cache=1078
[progress] product=matching-father-son-tropical-floral-shirt-100-cotton-short-sleeve-button-up-teal-green locale=el batch=1/1 completed=7/7 cache=1078
[progress] product=matching-father-son-tropical-floral-shirt-100-cotton-short-sleeve-button-up-teal-green locale=es batch=1/1 completed=6/6 cache=1421
[progress] product=matching-father-son-tropical-floral-shirt-100-cotton-short-sleeve-button-up-teal-green locale=fi batch=1/1 completed=7/7 cache=1076
[progress] product=matching-father-son-tropical-floral-shirt-100-cotton-short-sleeve-button-up-teal-green locale=fr batch=1/1 completed=7/7 cache=1073
[progress] product=matching-father-son-tropical-floral-shirt-100-cotton-short-sleeve-button-up-teal-green locale=he batch=1/1 completed=7/7 cache=1073
[progress] product=matching-father-son-tropical-floral-shirt-100-cotton-short-sleeve-button-up-teal-green locale=hi batch=1/1 completed=7/7 cache=1073
[progress] product=matching-father-son-tropical-floral-shirt-100-cotton-short-sleeve-button-up-teal-green locale=it batch=1/1 completed=7/7 cache=1067
[progress] product=matching-father-son-tropical-floral-shirt-100-cotton-short-sleeve-button-up-teal-green locale=ja batch=1/1 completed=7/7 cache=1066
[progress] product=matching-father-son-tropical-floral-shirt-100-cotton-short-sleeve-button-up-teal-green locale=ko batch=1/1 completed=7/7 cache=1066
[progress] product=matching-father-son-tropical-floral-shirt-100-cotton-short-sleeve-button-up-teal-green locale=nl batch=1/1 completed=7/7 cache=1065
[progress] product=matching-father-son-tropical-floral-shirt-100-cotton-short-sleeve-button-up-teal-green locale=no batch=1/1 completed=7/7 cache=1065
[progress] product=matching-father-son-tropical-floral-shirt-100-cotton-short-sleeve-button-up-teal-green locale=pl batch=1/1 completed=7/7 cache=1065
[progress] product=matching-father-son-tropical-floral-shirt-100-cotton-short-sleeve-button-up-teal-green locale=pt-BR batch=1/1 completed=7/7 cache=1064
[progress] product=matching-father-son-tropical-floral-shirt-100-cotton-short-sleeve-button-up-teal-green locale=ro batch=1/1 completed=7/7 cache=1064
[progress] product=matching-father-son-tropical-floral-shirt-100-cotton-short-sleeve-button-up-teal-green locale=ru batch=1/1 completed=7/7 cache=1059
[progress] product=matching-father-son-tropical-floral-shirt-100-cotton-short-sleeve-button-up-teal-green locale=sv batch=1/1 completed=7/7 cache=1054
[progress] product=men-kids-matching-tropical-leaf-print-cotton-short-sleeve-shirt-cream-green locale=ar batch=1/1 completed=7/7 cache=1082
[progress] product=men-kids-matching-tropical-leaf-print-cotton-short-sleeve-shirt-cream-green locale=cs batch=1/1 completed=7/7 cache=1082
[progress] product=men-kids-matching-tropical-leaf-print-cotton-short-sleeve-shirt-cream-green locale=da batch=1/1 completed=7/7 cache=1082
[progress] product=men-kids-matching-tropical-leaf-print-cotton-short-sleeve-shirt-cream-green locale=de batch=1/1 completed=7/7 cache=1082
[progress] product=men-kids-matching-tropical-leaf-print-cotton-short-sleeve-shirt-cream-green locale=el batch=1/1 completed=7/7 cache=1082
[progress] product=men-kids-matching-tropical-leaf-print-cotton-short-sleeve-shirt-cream-green locale=es batch=1/1 completed=6/6 cache=1424
[progress] product=men-kids-matching-tropical-leaf-print-cotton-short-sleeve-shirt-cream-green locale=fi batch=1/1 completed=7/7 cache=1080
[progress] product=men-kids-matching-tropical-leaf-print-cotton-short-sleeve-shirt-cream-green locale=fr batch=1/1 completed=7/7 cache=1077
[progress] product=men-kids-matching-tropical-leaf-print-cotton-short-sleeve-shirt-cream-green locale=he batch=1/1 completed=7/7 cache=1077
[progress] product=men-kids-matching-tropical-leaf-print-cotton-short-sleeve-shirt-cream-green locale=hi batch=1/1 completed=7/7 cache=1077
[progress] product=men-kids-matching-tropical-leaf-print-cotton-short-sleeve-shirt-cream-green locale=it batch=1/1 completed=7/7 cache=1071
[progress] product=men-kids-matching-tropical-leaf-print-cotton-short-sleeve-shirt-cream-green locale=ja batch=1/1 completed=7/7 cache=1070
[progress] product=men-kids-matching-tropical-leaf-print-cotton-short-sleeve-shirt-cream-green locale=ko batch=1/1 completed=7/7 cache=1070
[progress] product=men-kids-matching-tropical-leaf-print-cotton-short-sleeve-shirt-cream-green locale=nl batch=1/1 completed=7/7 cache=1069
[progress] product=men-kids-matching-tropical-leaf-print-cotton-short-sleeve-shirt-cream-green locale=no batch=1/1 completed=7/7 cache=1069
[progress] product=men-kids-matching-tropical-leaf-print-cotton-short-sleeve-shirt-cream-green locale=pl batch=1/1 completed=7/7 cache=1069
[progress] product=men-kids-matching-tropical-leaf-print-cotton-short-sleeve-shirt-cream-green locale=pt-BR batch=1/1 completed=7/7 cache=1068
[progress] product=men-kids-matching-tropical-leaf-print-cotton-short-sleeve-shirt-cream-green locale=ro batch=1/1 completed=7/7 cache=1068
[progress] product=men-kids-matching-tropical-leaf-print-cotton-short-sleeve-shirt-cream-green locale=ru batch=1/1 completed=7/7 cache=1063
[progress] product=men-kids-matching-tropical-leaf-print-cotton-short-sleeve-shirt-cream-green locale=sv batch=1/1 completed=7/7 cache=1058
{
  "store_domain": "dresslikemommy-com.myshopify.com",
  "locales": [
    "ar",
    "cs",
    "da",
    "de",
    "el",
    "es",
    "fi",
    "fr",
    "he",
    "hi",
    "it",
    "ja",
    "ko",
    "nl",
    "no",
    "pl",
    "pt-BR",
    "ro",
    "ru",
    "sv"
  ],
  "candidate_products": 32,
  "processed_products": 3,
  "finalized_product_ids": [],
  "blocked_by_error": false,
  "execute": true,
  "option_resources_only": false,
  "deterministic_repairs_only": false,
  "state_path": "/Users/fsuels/.config/dresslikemommy/shopify-product-translation-state.json",
  "cache_path": "/Users/fsuels/Projects/dresslikemommy/ops/content/shopify-product-translation-live-cache.json"
}
/Users/fsuels/Library/Python/3.9/lib/python/site-packages/urllib3/__init__.py:35: NotOpenSSLWarning: urllib3 v2 only supports OpenSSL 1.1.1+, currently the 'ssl' module is compiled with 'LibreSSL 2.8.3'. See: https://github.com/urllib3/urllib3/issues/3020
  warnings.warn(
[listing-localization] audit_full_product_before_size_repair: /usr/bin/python3 /Users/fsuels/Projects/dresslikemommy/ops/scripts/audit_shopify_product_translation_completeness.py --handles beanie-ghost-family-matching-pajamas,boo-stripe-family-matching-pajamas,candy-cane-reindeer-family-matching-sweaters,christmas-reindeer-family-matching-sweaters,christmas-stocking-family-matching-sweaters,ho-ho-santa-family-matching-sweaters,indigo-pocket-family-matching-set,jingle-bells-santa-family-matching-sweaters,matching-father-son-tropical-floral-shirt-100-cotton-short-sleeve-button-up-teal-green,men-kids-matching-tropical-leaf-print-cotton-short-sleeve-shirt-cream-green,men-s-cotton-floral-short-sleeve-button-up-shirt-navy-blue,monster-bloom-family-matching-onesie-pajamas,morning-blooms-family-matching-set,nordic-heart-reindeer-family-matching-sweaters,nordic-reindeer-family-matching-sweaters,polar-bear-christmas-family-matching-sweaters,pumpkin-ghost-family-matching-pajamas,reindeer-row-family-matching-sweaters,reindeer-string-lights-family-matching-sweaters,rosewater-ombre-mommy-and-me-dresses,santa-hat-reindeer-family-matching-sweaters,santa-tree-delivery-family-matching-sweaters,santa-tree-topper-family-matching-sweaters,shine-star-family-matching-sweatshirts,snowflake-reindeer-family-matching-onesie-pajamas,spooky-skeleton-family-matching-onesie-pajamas,summer-sky-stripe-family-matching-set,sunset-ombre-family-matching-set,terracotta-tile-family-matching-set,trail-plaid-family-matching-set,trick-or-treat-family-matching-pajamas,vibrant-rainbow-family-matching-outfits-striped-t-shirts-and-yellow-overalls-set-for-family-outings --report-json /var/folders/5t/g_ys4vp54n9c0cfg7zkjm4n00000gn/T/dlm-listing-localization-r4jndk78/admin_translation_before_size_repair.json --report-csv /var/folders/5t/g_ys4vp54n9c0cfg7zkjm4n00000gn/T/dlm-listing-localization-r4jndk78/admin_translation_before_size_repair.csv --fail-on-issues
{
  "store_domain": "dresslikemommy-com.myshopify.com",
  "products_checked": 32,
  "locales_checked": 20,
  "locales": [
    "ar",
    "cs",
    "da",
    "de",
    "el",
    "es",
    "fi",
    "fr",
    "he",
    "hi",
    "it",
    "ja",
    "ko",
    "nl",
    "no",
    "pl",
    "pt-BR",
    "ro",
    "ru",
    "sv"
  ],
  "eligible_translation_slots": 23420,
  "missing_count": 1330,
  "outdated_count": 610,
  "source_equal_count": 0,
  "body_language_issue_count": 20,
  "issue_count": 1960,
  "products_with_issues": 32,
  "products": [
    {
      "product_id": "7229128441953",
      "handle": "vibrant-rainbow-family-matching-outfits-striped-t-shirts-and-yellow-overalls-set-for-family-outings",
      "status": "ACTIVE",
      "created_at": "2024-10-27T03:38:44Z",
      "updated_at": "2026-09-26T21:06:03Z",
      "resource_count": 43,
      "issue_count": 131
    },
    {
      "product_id": "7502765097057",
      "handle": "matching-father-son-tropical-floral-shirt-100-cotton-short-sleeve-button-up-teal-green",
      "status": "ACTIVE",
      "created_at": "2026-03-03T12:38:46Z",
      "updated_at": "2026-09-26T21:06:05Z",
      "resource_count": 28,
      "issue_count": 85
    },
    {
      "product_id": "7502765719649",
      "handle": "men-kids-matching-tropical-leaf-print-cotton-short-sleeve-shirt-cream-green",
      "status": "ACTIVE",
      "created_at": "2026-03-03T12:49:42Z",
      "updated_at": "2026-09-26T21:06:07Z",
      "resource_count": 28,
      "issue_count": 85
    },
    {
      "product_id": "7502791671905",
      "handle": "men-s-cotton-floral-short-sleeve-button-up-shirt-navy-blue",
      "status": "ACTIVE",
      "created_at": "2026-03-03T16:38:19Z",
      "updated_at": "2026-09-26T21:06:08Z",
      "resource_count": 28,
      "issue_count": 157
    },
    {
      "product_id": "7536337125473",
      "handle": "trail-plaid-family-matching-set",
      "status": "ACTIVE",
      "created_at": "2026-04-23T18:11:06Z",
      "updated_at": "2026-09-26T21:06:10Z",
      "resource_count": 49,
      "issue_count": 41
    },
    {
      "product_id": "7536457941089",
      "handle": "summer-sky-stripe-family-matching-set",
      "status": "ACTIVE",
      "created_at": "2026-04-23T20:27:58Z",
      "updated_at": "2026-09-26T21:06:12Z",
      "resource_count": 39,
      "issue_count": 280
    },
    {
      "product_id": "7536709009505",
      "handle": "indigo-pocket-family-matching-set",
      "status": "ACTIVE",
      "created_at": "2026-04-24T04:41:19Z",
      "updated_at": "2026-09-26T21:06:13Z",
      "resource_count": 38,
      "issue_count": 260
    },
    {
      "product_id": "7537002971233",
      "handle": "terracotta-tile-family-matching-set",
      "status": "ACTIVE",
      "created_at": "2026-04-24T15:13:31Z",
      "updated_at": "2026-09-26T21:06:15Z",
      "resource_count": 44,
      "issue_count": 280
    },
    {
      "product_id": "7585867432033",
      "handle": "sunset-ombre-family-matching-set",
      "status": "ACTIVE",
      "created_at": "2026-06-09T17:15:02Z",
      "updated_at": "2026-09-26T21:06:16Z",
      "resource_count": 46,
      "issue_count": 81
    },
    {
      "product_id": "7675089944673",
      "handle": "morning-blooms-family-matching-set",
      "status": "DRAFT",
      "created_at": "2026-09-04T18:42:48Z",
      "updated_at": "2026-09-26T21:06:18Z",
      "resource_count": 44,
      "issue_count": 20
    },
    {
      "product_id": "7675091517537",
      "handle": "shine-star-family-matching-sweatshirts",
      "status": "DRAFT",
      "created_at": "2026-09-04T18:56:14Z",
      "updated_at": "2026-09-26T21:06:19Z",
      "resource_count": 38,
      "issue_count": 20
    },
    {
      "product_id": "7675093385313",
      "handle": "rosewater-ombre-mommy-and-me-dresses",
      "status": "DRAFT",
      "created_at": "2026-09-04T19:05:58Z",
      "updated_at": "2026-09-26T21:06:20Z",
      "resource_count": 33,
      "issue_count": 20
    },
    {
      "product_id": "9472866091105",
      "handle": "monster-bloom-family-matching-onesie-pajamas",
      "status": "ACTIVE",
      "created_at": "2026-09-25T17:08:11Z",
      "updated_at": "2026-09-26T21:06:22Z",
      "resource_count": 35,
      "issue_count": 20
    },
    {
      "product_id": "9472933757025",
      "handle": "spooky-skeleton-family-matching-onesie-pajamas",
      "status": "ACTIVE",
      "created_at": "2026-09-25T17:37:57Z",
      "updated_at": "2026-09-26T21:06:23Z",
      "resource_count": 40,
      "issue_count": 20
    },
    {
      "product_id": "9472970096737",
      "handle": "pumpkin-ghost-family-matching-pajamas",
      "status": "ACTIVE",
      "created_at": "2026-09-25T17:54:00Z",
      "updated_at": "2026-09-26T21:06:25Z",
      "resource_count": 37,
      "issue_count": 20
    },
    {
      "product_id": "9472997720161",
      "handle": "beanie-ghost-family-matching-pajamas",
      "status": "ACTIVE",
      "created_at": "2026-09-25T18:04:53Z",
      "updated_at": "2026-09-26T21:06:26Z",
      "resource_count": 37,
      "issue_count": 20
    },
    {
      "product_id": "9473003323489",
      "handle": "boo-stripe-family-matching-pajamas",
      "status": "ACTIVE",
      "created_at": "2026-09-25T18:06:34Z",
      "updated_at": "2026-09-26T21:06:28Z",
      "resource_count": 37,
      "issue_count": 20
    },
    {
      "product_id": "9473013448801",
      "handle": "trick-or-treat-family-matching-pajamas",
      "status": "ACTIVE",
      "created_at": "2026-09-25T18:13:02Z",
      "updated_at": "2026-09-26T21:06:29Z",
      "resource_count": 37,
      "issue_count": 120
    },
    {
      "product_id": "9473017348193",
      "handle": "christmas-reindeer-family-matching-sweaters",
      "status": "ACTIVE",
      "created_at": "2026-09-25T18:21:21Z",
      "updated_at": "2026-09-26T21:06:31Z",
      "resource_count": 29,
      "issue_count": 20
    },
    {
      "product_id": "9473017643105",
      "handle": "polar-bear-christmas-family-matching-sweaters",
      "status": "ACTIVE",
      "created_at": "2026-09-25T18:22:56Z",
      "updated_at": "2026-09-26T21:06:32Z",
      "resource_count": 29,
      "issue_count": 20
    },
    {
      "product_id": "9473151696993",
      "handle": "snowflake-reindeer-family-matching-onesie-pajamas",
      "status": "ACTIVE",
      "created_at": "2026-09-25T20:47:09Z",
      "updated_at": "2026-09-26T21:06:34Z",
      "resource_count": 45,
      "issue_count": 20
    },
    {
      "product_id": "9473152647265",
      "handle": "santa-tree-topper-family-matching-sweaters",
      "status": "ACTIVE",
      "created_at": "2026-09-25T20:52:02Z",
      "updated_at": "2026-09-26T21:06:35Z",
      "resource_count": 32,
      "issue_count": 20
    },
    {
      "product_id": "9473153269857",
      "handle": "christmas-stocking-family-matching-sweaters",
      "status": "ACTIVE",
      "created_at": "2026-09-25T20:57:40Z",
      "updated_at": "2026-09-26T21:06:37Z",
      "resource_count": 34,
      "issue_count": 20
    },
    {
      "product_id": "9473153335393",
      "handle": "reindeer-row-family-matching-sweaters",
      "status": "ACTIVE",
      "created_at": "2026-09-25T20:58:15Z",
      "updated_at": "2026-09-26T21:06:38Z",
      "resource_count": 34,
      "issue_count": 20
    },
    {
      "product_id": "9473153433697",
      "handle": "reindeer-string-lights-family-matching-sweaters",
      "status": "ACTIVE",
      "created_at": "2026-09-25T20:59:02Z",
      "updated_at": "2026-09-26T21:06:40Z",
      "resource_count": 32,
      "issue_count": 20
    },
    {
      "product_id": "9473153630305",
      "handle": "nordic-reindeer-family-matching-sweaters",
      "status": "ACTIVE",
      "created_at": "2026-09-25T20:59:54Z",
      "updated_at": "2026-09-26T21:06:42Z",
      "resource_count": 34,
      "issue_count": 20
    },
    {
      "product_id": "9473153728609",
      "handle": "candy-cane-reindeer-family-matching-sweaters",
      "status": "ACTIVE",
      "created_at": "2026-09-25T21:00:37Z",
      "updated_at": "2026-09-26T21:06:44Z",
      "resource_count": 34,
      "issue_count": 20
    },
    {
      "product_id": "9473153761377",
      "handle": "santa-tree-delivery-family-matching-sweaters",
      "status": "ACTIVE",
      "created_at": "2026-09-25T21:00:48Z",
      "updated_at": "2026-09-26T21:06:45Z",
      "resource_count": 34,
      "issue_count": 20
    },
    {
      "product_id": "9473153794145",
      "handle": "ho-ho-santa-family-matching-sweaters",
      "status": "ACTIVE",
      "created_at": "2026-09-25T21:01:04Z",
      "updated_at": "2026-09-26T21:06:47Z",
      "resource_count": 32,
      "issue_count": 20
    },
    {
      "product_id": "9473153826913",
      "handle": "nordic-heart-reindeer-family-matching-sweaters",
      "status": "ACTIVE",
      "created_at": "2026-09-25T21:01:45Z",
      "updated_at": "2026-09-26T21:06:48Z",
      "resource_count": 34,
      "issue_count": 20
    },
    {
      "product_id": "9473193148513",
      "handle": "santa-hat-reindeer-family-matching-sweaters",
      "status": "ACTIVE",
      "created_at": "2026-09-25T23:55:52Z",
      "updated_at": "2026-09-26T21:06:49Z",
      "resource_count": 34,
      "issue_count": 20
    },
    {
      "product_id": "9473193377889",
      "handle": "jingle-bells-santa-family-matching-sweaters",
      "status": "ACTIVE",
      "created_at": "2026-09-26T00:02:00Z",
      "updated_at": "2026-09-26T21:06:51Z",
      "resource_count": 32,
      "issue_count": 20
    }
  ]
}
/Users/fsuels/Library/Python/3.9/lib/python/site-packages/urllib3/__init__.py:35: NotOpenSSLWarning: urllib3 v2 only supports OpenSSL 1.1.1+, currently the 'ssl' module is compiled with 'LibreSSL 2.8.3'. See: https://github.com/urllib3/urllib3/issues/3020
  warnings.warn(
[listing-localization] FAILED at audit_full_product_before_size_repair; listing closeout is not complete. Evidence: /Users/fsuels/Projects/dresslikemommy/dresslikemommy-growth-2026/02_AUDIT_PACKETS/2026-09-26-ux-ten-fixes/lanes/descriptions/apply/localization_closeout.json
