/Users/fsuels/Library/Python/3.9/lib/python/site-packages/urllib3/__init__.py:35: NotOpenSSLWarning: urllib3 v2 only supports OpenSSL 1.1.1+, currently the 'ssl' module is compiled with 'LibreSSL 2.8.3'. See: https://github.com/urllib3/urllib3/issues/3020
  warnings.warn(
[progress] product=vibrant-rainbow-family-matching-outfits-striped-t-shirts-and-yellow-overalls-set-for-family-outings locale=ar oversized=1/1 completed=1/12 cache=1071
[progress] product=vibrant-rainbow-family-matching-outfits-striped-t-shirts-and-yellow-overalls-set-for-family-outings locale=ar batch=1/1 completed=12/12 cache=1082
[progress] product=vibrant-rainbow-family-matching-outfits-striped-t-shirts-and-yellow-overalls-set-for-family-outings locale=cs oversized=1/1 completed=1/12 cache=1071
[progress] product=vibrant-rainbow-family-matching-outfits-striped-t-shirts-and-yellow-overalls-set-for-family-outings locale=cs batch=1/1 completed=12/12 cache=1082
[progress] product=vibrant-rainbow-family-matching-outfits-striped-t-shirts-and-yellow-overalls-set-for-family-outings locale=da oversized=1/1 completed=1/12 cache=1071
[progress] product=vibrant-rainbow-family-matching-outfits-striped-t-shirts-and-yellow-overalls-set-for-family-outings locale=da batch=1/1 completed=12/12 cache=1082
[progress] product=vibrant-rainbow-family-matching-outfits-striped-t-shirts-and-yellow-overalls-set-for-family-outings locale=de oversized=1/1 completed=1/12 cache=1071
[progress] product=vibrant-rainbow-family-matching-outfits-striped-t-shirts-and-yellow-overalls-set-for-family-outings locale=de batch=1/1 completed=12/12 cache=1082
[progress] product=vibrant-rainbow-family-matching-outfits-striped-t-shirts-and-yellow-overalls-set-for-family-outings locale=el oversized=1/1 completed=1/12 cache=1071
[progress] product=vibrant-rainbow-family-matching-outfits-striped-t-shirts-and-yellow-overalls-set-for-family-outings locale=el batch=1/1 completed=12/12 cache=1082
[progress] product=vibrant-rainbow-family-matching-outfits-striped-t-shirts-and-yellow-overalls-set-for-family-outings locale=es oversized=1/1 completed=1/12 cache=1413
[progress] product=vibrant-rainbow-family-matching-outfits-striped-t-shirts-and-yellow-overalls-set-for-family-outings locale=es batch=1/1 completed=12/12 cache=1424
[progress] product=vibrant-rainbow-family-matching-outfits-striped-t-shirts-and-yellow-overalls-set-for-family-outings locale=fi oversized=1/1 completed=1/12 cache=1069
[progress] product=vibrant-rainbow-family-matching-outfits-striped-t-shirts-and-yellow-overalls-set-for-family-outings locale=fi batch=1/1 completed=12/12 cache=1080
[progress] product=vibrant-rainbow-family-matching-outfits-striped-t-shirts-and-yellow-overalls-set-for-family-outings locale=fr oversized=1/1 completed=1/12 cache=1066
[progress] product=vibrant-rainbow-family-matching-outfits-striped-t-shirts-and-yellow-overalls-set-for-family-outings locale=fr batch=1/1 completed=12/12 cache=1077
[progress] product=vibrant-rainbow-family-matching-outfits-striped-t-shirts-and-yellow-overalls-set-for-family-outings locale=he oversized=1/1 completed=1/12 cache=1066
[progress] product=vibrant-rainbow-family-matching-outfits-striped-t-shirts-and-yellow-overalls-set-for-family-outings locale=he batch=1/1 completed=12/12 cache=1077
[progress] product=vibrant-rainbow-family-matching-outfits-striped-t-shirts-and-yellow-overalls-set-for-family-outings locale=hi oversized=1/1 completed=1/12 cache=1066
[progress] product=vibrant-rainbow-family-matching-outfits-striped-t-shirts-and-yellow-overalls-set-for-family-outings locale=hi batch=1/1 completed=12/12 cache=1077
[progress] product=vibrant-rainbow-family-matching-outfits-striped-t-shirts-and-yellow-overalls-set-for-family-outings locale=it oversized=1/1 completed=1/12 cache=1060
[progress] product=vibrant-rainbow-family-matching-outfits-striped-t-shirts-and-yellow-overalls-set-for-family-outings locale=it batch=1/1 completed=12/12 cache=1071
[progress] product=vibrant-rainbow-family-matching-outfits-striped-t-shirts-and-yellow-overalls-set-for-family-outings locale=ja oversized=1/1 completed=1/12 cache=1059
[progress] product=vibrant-rainbow-family-matching-outfits-striped-t-shirts-and-yellow-overalls-set-for-family-outings locale=ja batch=1/1 completed=12/12 cache=1070
[progress] product=vibrant-rainbow-family-matching-outfits-striped-t-shirts-and-yellow-overalls-set-for-family-outings locale=ko oversized=1/1 completed=1/12 cache=1059
[progress] product=vibrant-rainbow-family-matching-outfits-striped-t-shirts-and-yellow-overalls-set-for-family-outings locale=ko batch=1/1 completed=12/12 cache=1070
[progress] product=vibrant-rainbow-family-matching-outfits-striped-t-shirts-and-yellow-overalls-set-for-family-outings locale=nl oversized=1/1 completed=1/12 cache=1058
[progress] product=vibrant-rainbow-family-matching-outfits-striped-t-shirts-and-yellow-overalls-set-for-family-outings locale=nl batch=1/1 completed=12/12 cache=1069
[progress] product=vibrant-rainbow-family-matching-outfits-striped-t-shirts-and-yellow-overalls-set-for-family-outings locale=no oversized=1/1 completed=1/12 cache=1058
[progress] product=vibrant-rainbow-family-matching-outfits-striped-t-shirts-and-yellow-overalls-set-for-family-outings locale=no batch=1/1 completed=12/12 cache=1069
[progress] product=vibrant-rainbow-family-matching-outfits-striped-t-shirts-and-yellow-overalls-set-for-family-outings locale=pl oversized=1/1 completed=1/12 cache=1058
[progress] product=vibrant-rainbow-family-matching-outfits-striped-t-shirts-and-yellow-overalls-set-for-family-outings locale=pl batch=1/1 completed=12/12 cache=1069
[progress] product=vibrant-rainbow-family-matching-outfits-striped-t-shirts-and-yellow-overalls-set-for-family-outings locale=pt-BR oversized=1/1 completed=1/12 cache=1057
[progress] product=vibrant-rainbow-family-matching-outfits-striped-t-shirts-and-yellow-overalls-set-for-family-outings locale=pt-BR batch=1/1 completed=12/12 cache=1068
[progress] product=vibrant-rainbow-family-matching-outfits-striped-t-shirts-and-yellow-overalls-set-for-family-outings locale=ro oversized=1/1 completed=1/12 cache=1057
[progress] product=vibrant-rainbow-family-matching-outfits-striped-t-shirts-and-yellow-overalls-set-for-family-outings locale=ro batch=1/1 completed=12/12 cache=1068
[progress] product=vibrant-rainbow-family-matching-outfits-striped-t-shirts-and-yellow-overalls-set-for-family-outings locale=ru oversized=1/1 completed=1/12 cache=1052
[progress] product=vibrant-rainbow-family-matching-outfits-striped-t-shirts-and-yellow-overalls-set-for-family-outings locale=ru batch=1/1 completed=12/12 cache=1063
[progress] product=vibrant-rainbow-family-matching-outfits-striped-t-shirts-and-yellow-overalls-set-for-family-outings locale=sv oversized=1/1 completed=1/12 cache=1047
[progress] product=vibrant-rainbow-family-matching-outfits-striped-t-shirts-and-yellow-overalls-set-for-family-outings locale=sv batch=1/1 completed=12/12 cache=1058
[progress] product=matching-father-son-tropical-floral-shirt-100-cotton-short-sleeve-button-up-teal-green locale=ar batch=1/1 completed=7/7 cache=1082
[progress] product=matching-father-son-tropical-floral-shirt-100-cotton-short-sleeve-button-up-teal-green locale=cs batch=1/1 completed=7/7 cache=1082
[progress] product=matching-father-son-tropical-floral-shirt-100-cotton-short-sleeve-button-up-teal-green locale=da batch=1/1 completed=7/7 cache=1082
[progress] product=matching-father-son-tropical-floral-shirt-100-cotton-short-sleeve-button-up-teal-green locale=de batch=1/1 completed=7/7 cache=1082
[progress] product=matching-father-son-tropical-floral-shirt-100-cotton-short-sleeve-button-up-teal-green locale=el batch=1/1 completed=7/7 cache=1082
[progress] product=matching-father-son-tropical-floral-shirt-100-cotton-short-sleeve-button-up-teal-green locale=es batch=1/1 completed=6/6 cache=1424
[progress] product=matching-father-son-tropical-floral-shirt-100-cotton-short-sleeve-button-up-teal-green locale=fi batch=1/1 completed=7/7 cache=1080
[progress] product=matching-father-son-tropical-floral-shirt-100-cotton-short-sleeve-button-up-teal-green locale=fr batch=1/1 completed=7/7 cache=1077
[progress] product=matching-father-son-tropical-floral-shirt-100-cotton-short-sleeve-button-up-teal-green locale=he batch=1/1 completed=7/7 cache=1077
[progress] product=matching-father-son-tropical-floral-shirt-100-cotton-short-sleeve-button-up-teal-green locale=hi batch=1/1 completed=7/7 cache=1077
[progress] product=matching-father-son-tropical-floral-shirt-100-cotton-short-sleeve-button-up-teal-green locale=it batch=1/1 completed=7/7 cache=1071
[progress] product=matching-father-son-tropical-floral-shirt-100-cotton-short-sleeve-button-up-teal-green locale=ja batch=1/1 completed=7/7 cache=1070
[progress] product=matching-father-son-tropical-floral-shirt-100-cotton-short-sleeve-button-up-teal-green locale=ko batch=1/1 completed=7/7 cache=1070
[progress] product=matching-father-son-tropical-floral-shirt-100-cotton-short-sleeve-button-up-teal-green locale=nl batch=1/1 completed=7/7 cache=1069
[progress] product=matching-father-son-tropical-floral-shirt-100-cotton-short-sleeve-button-up-teal-green locale=no batch=1/1 completed=7/7 cache=1069
[progress] product=matching-father-son-tropical-floral-shirt-100-cotton-short-sleeve-button-up-teal-green locale=pl batch=1/1 completed=7/7 cache=1069
[progress] product=matching-father-son-tropical-floral-shirt-100-cotton-short-sleeve-button-up-teal-green locale=pt-BR batch=1/1 completed=7/7 cache=1068
[progress] product=matching-father-son-tropical-floral-shirt-100-cotton-short-sleeve-button-up-teal-green locale=ro batch=1/1 completed=7/7 cache=1068
[progress] product=matching-father-son-tropical-floral-shirt-100-cotton-short-sleeve-button-up-teal-green locale=ru batch=1/1 completed=7/7 cache=1063
[progress] product=matching-father-son-tropical-floral-shirt-100-cotton-short-sleeve-button-up-teal-green locale=sv batch=1/1 completed=7/7 cache=1058
[progress] product=men-kids-matching-tropical-leaf-print-cotton-short-sleeve-shirt-cream-green locale=ar batch=1/1 completed=7/7 cache=1082
[progress] product=men-kids-matching-tropical-leaf-print-cotton-short-sleeve-shirt-cream-green locale=cs batch=1/1 completed=7/7 cache=1082
[progress] product=men-kids-matching-tropical-leaf-print-cotton-short-sleeve-shirt-cream-green locale=da batch=1/1 completed=7/7 cache=1082
[progress] product=men-kids-matching-tropical-leaf-print-cotton-short-sleeve-shirt-cream-green locale=de batch=1/1 completed=7/7 cache=1082
[progress] product=men-kids-matching-tropical-leaf-print-cotton-short-sleeve-shirt-cream-green locale=el batch=1/1 completed=7/7 cache=1082
[progress] product=men-kids-matching-tropical-leaf-print-cotton-short-sleeve-shirt-cream-green locale=es batch=1/1 completed=6/6 cache=1424
[progress] product=men-kids-matching-tropical-leaf-print-cotton-short-sleeve-shirt-cream-green locale=fi batch=1/1 completed=7/7 cache=1080
[progress] product=men-kids-matching-tropical-leaf-print-cotton-short-sleeve-shirt-cream-green locale=fr batch=1/1 completed=7/7 cache=1077
[progress] product=men-kids-matching-tropical-leaf-print-cotton-short-sleeve-shirt-cream-green locale=he batch=1/1 completed=7/7 cache=1077
[progress] product=men-kids-matching-tropical-leaf-print-cotton-short-sleeve-shirt-cream-green locale=hi batch=1/1 completed=7/7 cache=1077
[progress] product=men-kids-matching-tropical-leaf-print-cotton-short-sleeve-shirt-cream-green locale=it batch=1/1 completed=7/7 cache=1071
[progress] product=men-kids-matching-tropical-leaf-print-cotton-short-sleeve-shirt-cream-green locale=ja batch=1/1 completed=7/7 cache=1070
[progress] product=men-kids-matching-tropical-leaf-print-cotton-short-sleeve-shirt-cream-green locale=ko batch=1/1 completed=7/7 cache=1070
[progress] product=men-kids-matching-tropical-leaf-print-cotton-short-sleeve-shirt-cream-green locale=nl batch=1/1 completed=7/7 cache=1069
[progress] product=men-kids-matching-tropical-leaf-print-cotton-short-sleeve-shirt-cream-green locale=no batch=1/1 completed=7/7 cache=1069
[progress] product=men-kids-matching-tropical-leaf-print-cotton-short-sleeve-shirt-cream-green locale=pl batch=1/1 completed=7/7 cache=1069
[progress] product=men-kids-matching-tropical-leaf-print-cotton-short-sleeve-shirt-cream-green locale=pt-BR batch=1/1 completed=7/7 cache=1068
[progress] product=men-kids-matching-tropical-leaf-print-cotton-short-sleeve-shirt-cream-green locale=ro batch=1/1 completed=7/7 cache=1068
[progress] product=men-kids-matching-tropical-leaf-print-cotton-short-sleeve-shirt-cream-green locale=ru batch=1/1 completed=7/7 cache=1063
[progress] product=men-kids-matching-tropical-leaf-print-cotton-short-sleeve-shirt-cream-green locale=sv batch=1/1 completed=7/7 cache=1058
[progress] product=men-s-cotton-floral-short-sleeve-button-up-shirt-navy-blue locale=ar batch=1/1 completed=7/7 cache=1085
[progress] product=men-s-cotton-floral-short-sleeve-button-up-shirt-navy-blue locale=cs batch=1/1 completed=7/7 cache=1085
[progress] product=men-s-cotton-floral-short-sleeve-button-up-shirt-navy-blue locale=da batch=1/1 completed=7/7 cache=1085
[progress] product=men-s-cotton-floral-short-sleeve-button-up-shirt-navy-blue locale=de batch=1/1 completed=7/7 cache=1085
[progress] product=men-s-cotton-floral-short-sleeve-button-up-shirt-navy-blue locale=el batch=1/1 completed=7/7 cache=1085
[progress] product=men-s-cotton-floral-short-sleeve-button-up-shirt-navy-blue locale=es batch=1/1 completed=6/6 cache=1426
[progress] product=men-s-cotton-floral-short-sleeve-button-up-shirt-navy-blue locale=fi batch=1/1 completed=7/7 cache=1083
[progress] product=men-s-cotton-floral-short-sleeve-button-up-shirt-navy-blue locale=fr batch=1/1 completed=7/7 cache=1080
[progress] product=men-s-cotton-floral-short-sleeve-button-up-shirt-navy-blue locale=he batch=1/1 completed=7/7 cache=1080
[progress] product=men-s-cotton-floral-short-sleeve-button-up-shirt-navy-blue locale=hi batch=1/1 completed=7/7 cache=1080
[progress] product=men-s-cotton-floral-short-sleeve-button-up-shirt-navy-blue locale=it batch=1/1 completed=7/7 cache=1074
[progress] product=men-s-cotton-floral-short-sleeve-button-up-shirt-navy-blue locale=ja batch=1/1 completed=7/7 cache=1073
[progress] product=men-s-cotton-floral-short-sleeve-button-up-shirt-navy-blue locale=ko batch=1/1 completed=7/7 cache=1073
[progress] product=men-s-cotton-floral-short-sleeve-button-up-shirt-navy-blue locale=nl batch=1/1 completed=7/7 cache=1072
[progress] product=men-s-cotton-floral-short-sleeve-button-up-shirt-navy-blue locale=no batch=1/1 completed=7/7 cache=1072
[progress] product=men-s-cotton-floral-short-sleeve-button-up-shirt-navy-blue locale=pl batch=1/1 completed=7/7 cache=1072
[progress] product=men-s-cotton-floral-short-sleeve-button-up-shirt-navy-blue locale=pt-BR batch=1/1 completed=7/7 cache=1071
[progress] product=men-s-cotton-floral-short-sleeve-button-up-shirt-navy-blue locale=ro batch=1/1 completed=7/7 cache=1071
[progress] product=men-s-cotton-floral-short-sleeve-button-up-shirt-navy-blue locale=ru batch=1/1 completed=7/7 cache=1066
[progress] product=men-s-cotton-floral-short-sleeve-button-up-shirt-navy-blue locale=sv batch=1/1 completed=7/7 cache=1061
[progress] product=trail-plaid-family-matching-set locale=ar batch=1/1 completed=2/2 cache=1087
[progress] product=trail-plaid-family-matching-set locale=cs batch=1/1 completed=2/2 cache=1087
[progress] product=trail-plaid-family-matching-set locale=da batch=1/1 completed=2/2 cache=1087
[progress] product=trail-plaid-family-matching-set locale=de batch=1/1 completed=2/2 cache=1087
[progress] product=trail-plaid-family-matching-set locale=el batch=1/1 completed=2/2 cache=1087
[progress] product=trail-plaid-family-matching-set locale=es batch=1/1 completed=2/2 cache=1428
[progress] product=trail-plaid-family-matching-set locale=fi batch=1/1 completed=2/2 cache=1085
[progress] product=trail-plaid-family-matching-set locale=fr batch=1/1 completed=2/2 cache=1082
[progress] product=trail-plaid-family-matching-set locale=he batch=1/1 completed=2/2 cache=1082
[progress] product=trail-plaid-family-matching-set locale=hi batch=1/1 completed=2/2 cache=1082
[progress] product=trail-plaid-family-matching-set locale=it batch=1/1 completed=2/2 cache=1076
[progress] product=trail-plaid-family-matching-set locale=ja batch=1/1 completed=2/2 cache=1075
[progress] product=trail-plaid-family-matching-set locale=ko batch=1/1 completed=2/2 cache=1075
[progress] product=trail-plaid-family-matching-set locale=nl batch=1/1 completed=2/2 cache=1074
[progress] product=trail-plaid-family-matching-set locale=no batch=1/1 completed=2/2 cache=1074
[progress] product=trail-plaid-family-matching-set locale=pl batch=1/1 completed=2/2 cache=1074
[progress] product=trail-plaid-family-matching-set locale=pt-BR batch=1/1 completed=2/2 cache=1073
[progress] product=trail-plaid-family-matching-set locale=ro batch=1/1 completed=2/2 cache=1073
[progress] product=trail-plaid-family-matching-set locale=ru batch=1/1 completed=2/2 cache=1068
[progress] product=trail-plaid-family-matching-set locale=sv batch=1/1 completed=2/2 cache=1063
[progress] product=summer-sky-stripe-family-matching-set locale=ar oversized=1/1 completed=1/4 cache=1088
[progress] product=summer-sky-stripe-family-matching-set locale=ar batch=1/1 completed=4/4 cache=1091
[progress] product=summer-sky-stripe-family-matching-set locale=cs oversized=1/1 completed=1/4 cache=1088
[progress] product=summer-sky-stripe-family-matching-set locale=cs batch=1/1 completed=4/4 cache=1091
[progress] product=summer-sky-stripe-family-matching-set locale=da oversized=1/1 completed=1/4 cache=1088
[progress] product=summer-sky-stripe-family-matching-set locale=da batch=1/1 completed=4/4 cache=1091
[progress] product=summer-sky-stripe-family-matching-set locale=de oversized=1/1 completed=1/4 cache=1088
[progress] product=summer-sky-stripe-family-matching-set locale=de batch=1/1 completed=4/4 cache=1091
[progress] product=summer-sky-stripe-family-matching-set locale=el oversized=1/1 completed=1/4 cache=1088
[progress] product=summer-sky-stripe-family-matching-set locale=el batch=1/1 completed=4/4 cache=1091
[progress] product=summer-sky-stripe-family-matching-set locale=es oversized=1/1 completed=1/4 cache=1429
[progress] product=summer-sky-stripe-family-matching-set locale=es batch=1/1 completed=4/4 cache=1432
[progress] product=summer-sky-stripe-family-matching-set locale=fi oversized=1/1 completed=1/4 cache=1086
[progress] product=summer-sky-stripe-family-matching-set locale=fi batch=1/1 completed=4/4 cache=1089
[progress] product=summer-sky-stripe-family-matching-set locale=fr oversized=1/1 completed=1/4 cache=1083
[progress] product=summer-sky-stripe-family-matching-set locale=fr batch=1/1 completed=4/4 cache=1086
[progress] product=summer-sky-stripe-family-matching-set locale=he oversized=1/1 completed=1/4 cache=1083
[progress] product=summer-sky-stripe-family-matching-set locale=he batch=1/1 completed=4/4 cache=1086
[progress] product=summer-sky-stripe-family-matching-set locale=hi oversized=1/1 completed=1/4 cache=1083
[progress] product=summer-sky-stripe-family-matching-set locale=hi batch=1/1 completed=4/4 cache=1086
[progress] product=summer-sky-stripe-family-matching-set locale=it oversized=1/1 completed=1/4 cache=1077
[progress] product=summer-sky-stripe-family-matching-set locale=it batch=1/1 completed=4/4 cache=1080
[progress] product=summer-sky-stripe-family-matching-set locale=ja oversized=1/1 completed=1/4 cache=1076
[progress] product=summer-sky-stripe-family-matching-set locale=ja batch=1/1 completed=4/4 cache=1079
[progress] product=summer-sky-stripe-family-matching-set locale=ko oversized=1/1 completed=1/4 cache=1076
[progress] product=summer-sky-stripe-family-matching-set locale=ko batch=1/1 completed=4/4 cache=1079
[progress] product=summer-sky-stripe-family-matching-set locale=nl oversized=1/1 completed=1/4 cache=1075
[progress] product=summer-sky-stripe-family-matching-set locale=nl batch=1/1 completed=4/4 cache=1078
[progress] product=summer-sky-stripe-family-matching-set locale=no oversized=1/1 completed=1/4 cache=1075
[progress] product=summer-sky-stripe-family-matching-set locale=no batch=1/1 completed=4/4 cache=1078
[progress] product=summer-sky-stripe-family-matching-set locale=pl oversized=1/1 completed=1/4 cache=1075
[progress] product=summer-sky-stripe-family-matching-set locale=pl batch=1/1 completed=4/4 cache=1078
[progress] product=summer-sky-stripe-family-matching-set locale=pt-BR oversized=1/1 completed=1/4 cache=1074
[progress] product=summer-sky-stripe-family-matching-set locale=pt-BR batch=1/1 completed=4/4 cache=1077
[progress] product=summer-sky-stripe-family-matching-set locale=ro oversized=1/1 completed=1/4 cache=1074
[progress] product=summer-sky-stripe-family-matching-set locale=ro batch=1/1 completed=4/4 cache=1077
[progress] product=summer-sky-stripe-family-matching-set locale=ru oversized=1/1 completed=1/4 cache=1069
[progress] product=summer-sky-stripe-family-matching-set locale=ru batch=1/1 completed=4/4 cache=1072
[progress] product=summer-sky-stripe-family-matching-set locale=sv oversized=1/1 completed=1/4 cache=1064
[progress] product=summer-sky-stripe-family-matching-set locale=sv batch=1/1 completed=4/4 cache=1067
[progress] product=indigo-pocket-family-matching-set locale=ar oversized=1/1 completed=1/3 cache=1091
[progress] product=indigo-pocket-family-matching-set locale=ar batch=1/1 completed=3/3 cache=1093
[progress] product=indigo-pocket-family-matching-set locale=cs oversized=1/1 completed=1/3 cache=1091
[progress] product=indigo-pocket-family-matching-set locale=cs batch=1/1 completed=3/3 cache=1093
[progress] product=indigo-pocket-family-matching-set locale=da oversized=1/1 completed=1/3 cache=1091
[progress] product=indigo-pocket-family-matching-set locale=da batch=1/1 completed=3/3 cache=1093
[progress] product=indigo-pocket-family-matching-set locale=de oversized=1/1 completed=1/3 cache=1091
[progress] product=indigo-pocket-family-matching-set locale=de batch=1/1 completed=3/3 cache=1093
[progress] product=indigo-pocket-family-matching-set locale=el oversized=1/1 completed=1/3 cache=1091
[progress] product=indigo-pocket-family-matching-set locale=el batch=1/1 completed=3/3 cache=1093
[progress] product=indigo-pocket-family-matching-set locale=es oversized=1/1 completed=1/3 cache=1432
[progress] product=indigo-pocket-family-matching-set locale=es batch=1/1 completed=3/3 cache=1434
[progress] product=indigo-pocket-family-matching-set locale=fi oversized=1/1 completed=1/3 cache=1089
[progress] product=indigo-pocket-family-matching-set locale=fi batch=1/1 completed=3/3 cache=1091
[progress] product=indigo-pocket-family-matching-set locale=fr oversized=1/1 completed=1/3 cache=1086
[progress] product=indigo-pocket-family-matching-set locale=fr batch=1/1 completed=3/3 cache=1088
[progress] product=indigo-pocket-family-matching-set locale=he oversized=1/1 completed=1/3 cache=1086
[progress] product=indigo-pocket-family-matching-set locale=he batch=1/1 completed=3/3 cache=1088
[progress] product=indigo-pocket-family-matching-set locale=hi oversized=1/1 completed=1/3 cache=1086
[progress] product=indigo-pocket-family-matching-set locale=hi batch=1/1 completed=3/3 cache=1088
[progress] product=indigo-pocket-family-matching-set locale=it oversized=1/1 completed=1/3 cache=1080
[progress] product=indigo-pocket-family-matching-set locale=it batch=1/1 completed=3/3 cache=1082
[progress] product=indigo-pocket-family-matching-set locale=ja oversized=1/1 completed=1/3 cache=1079
[progress] product=indigo-pocket-family-matching-set locale=ja batch=1/1 completed=3/3 cache=1081
[progress] product=indigo-pocket-family-matching-set locale=ko oversized=1/1 completed=1/3 cache=1079
[progress] product=indigo-pocket-family-matching-set locale=ko batch=1/1 completed=3/3 cache=1081
[progress] product=indigo-pocket-family-matching-set locale=nl oversized=1/1 completed=1/3 cache=1078
[progress] product=indigo-pocket-family-matching-set locale=nl batch=1/1 completed=3/3 cache=1080
[progress] product=indigo-pocket-family-matching-set locale=no oversized=1/1 completed=1/3 cache=1078
[progress] product=indigo-pocket-family-matching-set locale=no batch=1/1 completed=3/3 cache=1080
[progress] product=indigo-pocket-family-matching-set locale=pl oversized=1/1 completed=1/3 cache=1078
[progress] product=indigo-pocket-family-matching-set locale=pl batch=1/1 completed=3/3 cache=1080
[progress] product=indigo-pocket-family-matching-set locale=pt-BR oversized=1/1 completed=1/3 cache=1077
[progress] product=indigo-pocket-family-matching-set locale=pt-BR batch=1/1 completed=3/3 cache=1079
[progress] product=indigo-pocket-family-matching-set locale=ro oversized=1/1 completed=1/3 cache=1077
[progress] product=indigo-pocket-family-matching-set locale=ro batch=1/1 completed=3/3 cache=1079
[progress] product=indigo-pocket-family-matching-set locale=ru oversized=1/1 completed=1/3 cache=1072
[progress] product=indigo-pocket-family-matching-set locale=ru batch=1/1 completed=3/3 cache=1074
[progress] product=indigo-pocket-family-matching-set locale=sv oversized=1/1 completed=1/3 cache=1067
[progress] product=indigo-pocket-family-matching-set locale=sv batch=1/1 completed=3/3 cache=1069
[progress] product=terracotta-tile-family-matching-set locale=ar oversized=1/1 completed=1/4 cache=1094
[progress] product=terracotta-tile-family-matching-set locale=ar batch=1/1 completed=4/4 cache=1097
[progress] product=terracotta-tile-family-matching-set locale=cs oversized=1/1 completed=1/4 cache=1094
[progress] product=terracotta-tile-family-matching-set locale=cs batch=1/1 completed=4/4 cache=1097
[progress] product=terracotta-tile-family-matching-set locale=da oversized=1/1 completed=1/4 cache=1094
[progress] product=terracotta-tile-family-matching-set locale=da batch=1/1 completed=4/4 cache=1097
[progress] product=terracotta-tile-family-matching-set locale=de oversized=1/1 completed=1/4 cache=1094
[progress] product=terracotta-tile-family-matching-set locale=de batch=1/1 completed=4/4 cache=1097
[progress] product=terracotta-tile-family-matching-set locale=el oversized=1/1 completed=1/4 cache=1094
[progress] product=terracotta-tile-family-matching-set locale=el batch=1/1 completed=4/4 cache=1097
[progress] product=terracotta-tile-family-matching-set locale=es oversized=1/1 completed=1/4 cache=1435
[progress] product=terracotta-tile-family-matching-set locale=es batch=1/1 completed=4/4 cache=1438
[progress] product=terracotta-tile-family-matching-set locale=fi oversized=1/1 completed=1/4 cache=1092
[progress] product=terracotta-tile-family-matching-set locale=fi batch=1/1 completed=4/4 cache=1095
[progress] product=terracotta-tile-family-matching-set locale=fr oversized=1/1 completed=1/4 cache=1089
[progress] product=terracotta-tile-family-matching-set locale=fr batch=1/1 completed=4/4 cache=1092
[progress] product=terracotta-tile-family-matching-set locale=he oversized=1/1 completed=1/4 cache=1089
[progress] product=terracotta-tile-family-matching-set locale=he batch=1/1 completed=4/4 cache=1092
[progress] product=terracotta-tile-family-matching-set locale=hi oversized=1/1 completed=1/4 cache=1089
[progress] product=terracotta-tile-family-matching-set locale=hi batch=1/1 completed=4/4 cache=1092
[progress] product=terracotta-tile-family-matching-set locale=it oversized=1/1 completed=1/4 cache=1083
[progress] product=terracotta-tile-family-matching-set locale=it batch=1/1 completed=4/4 cache=1086
[progress] product=terracotta-tile-family-matching-set locale=ja oversized=1/1 completed=1/4 cache=1082
[progress] product=terracotta-tile-family-matching-set locale=ja batch=1/1 completed=4/4 cache=1085
[progress] product=terracotta-tile-family-matching-set locale=ko oversized=1/1 completed=1/4 cache=1082
[progress] product=terracotta-tile-family-matching-set locale=ko batch=1/1 completed=4/4 cache=1085
[progress] product=terracotta-tile-family-matching-set locale=nl oversized=1/1 completed=1/4 cache=1081
[progress] product=terracotta-tile-family-matching-set locale=nl batch=1/1 completed=4/4 cache=1084
[progress] product=terracotta-tile-family-matching-set locale=no oversized=1/1 completed=1/4 cache=1081
[progress] product=terracotta-tile-family-matching-set locale=no batch=1/1 completed=4/4 cache=1084
[progress] product=terracotta-tile-family-matching-set locale=pl oversized=1/1 completed=1/4 cache=1081
[progress] product=terracotta-tile-family-matching-set locale=pl batch=1/1 completed=4/4 cache=1084
[progress] product=terracotta-tile-family-matching-set locale=pt-BR oversized=1/1 completed=1/4 cache=1080
[progress] product=terracotta-tile-family-matching-set locale=pt-BR batch=1/1 completed=4/4 cache=1083
[progress] product=terracotta-tile-family-matching-set locale=ro oversized=1/1 completed=1/4 cache=1080
[progress] product=terracotta-tile-family-matching-set locale=ro batch=1/1 completed=4/4 cache=1083
[progress] product=terracotta-tile-family-matching-set locale=ru oversized=1/1 completed=1/4 cache=1075
[progress] product=terracotta-tile-family-matching-set locale=ru batch=1/1 completed=4/4 cache=1078
[progress] product=terracotta-tile-family-matching-set locale=sv oversized=1/1 completed=1/4 cache=1070
[progress] product=terracotta-tile-family-matching-set locale=sv batch=1/1 completed=4/4 cache=1073
[progress] product=sunset-ombre-family-matching-set locale=ar oversized=1/1 completed=1/3 cache=1098
[progress] product=sunset-ombre-family-matching-set locale=ar batch=1/1 completed=3/3 cache=1100
[progress] product=sunset-ombre-family-matching-set locale=cs oversized=1/1 completed=1/3 cache=1098
[progress] product=sunset-ombre-family-matching-set locale=cs batch=1/1 completed=3/3 cache=1100
[progress] product=sunset-ombre-family-matching-set locale=da oversized=1/1 completed=1/3 cache=1098
[progress] product=sunset-ombre-family-matching-set locale=da batch=1/1 completed=3/3 cache=1100
[progress] product=sunset-ombre-family-matching-set locale=de oversized=1/1 completed=1/3 cache=1098
[progress] product=sunset-ombre-family-matching-set locale=de batch=1/1 completed=3/3 cache=1100
[progress] product=sunset-ombre-family-matching-set locale=el oversized=1/1 completed=1/3 cache=1098
[progress] product=sunset-ombre-family-matching-set locale=el batch=1/1 completed=3/3 cache=1100
[progress] product=sunset-ombre-family-matching-set locale=es oversized=1/1 completed=1/3 cache=1439
[progress] product=sunset-ombre-family-matching-set locale=es batch=1/1 completed=3/3 cache=1441
[progress] product=sunset-ombre-family-matching-set locale=fi oversized=1/1 completed=1/3 cache=1096
[progress] product=sunset-ombre-family-matching-set locale=fi batch=1/1 completed=3/3 cache=1098
[progress] product=sunset-ombre-family-matching-set locale=fr oversized=1/1 completed=1/3 cache=1093
[progress] product=sunset-ombre-family-matching-set locale=fr batch=1/1 completed=3/3 cache=1095
[progress] product=sunset-ombre-family-matching-set locale=he oversized=1/1 completed=1/3 cache=1093
[progress] product=sunset-ombre-family-matching-set locale=he batch=1/1 completed=3/3 cache=1095
[progress] product=sunset-ombre-family-matching-set locale=hi oversized=1/1 completed=1/3 cache=1093
[progress] product=sunset-ombre-family-matching-set locale=hi batch=1/1 completed=3/3 cache=1095
[progress] product=sunset-ombre-family-matching-set locale=it oversized=1/1 completed=1/3 cache=1087
[progress] product=sunset-ombre-family-matching-set locale=it batch=1/1 completed=3/3 cache=1089
[progress] product=sunset-ombre-family-matching-set locale=ja oversized=1/1 completed=1/3 cache=1086
[progress] product=sunset-ombre-family-matching-set locale=ja batch=1/1 completed=3/3 cache=1088
[progress] product=sunset-ombre-family-matching-set locale=ko oversized=1/1 completed=1/3 cache=1086
[progress] product=sunset-ombre-family-matching-set locale=ko batch=1/1 completed=3/3 cache=1088
[progress] product=sunset-ombre-family-matching-set locale=nl oversized=1/1 completed=1/3 cache=1085
[progress] product=sunset-ombre-family-matching-set locale=nl batch=1/1 completed=3/3 cache=1087
[progress] product=sunset-ombre-family-matching-set locale=no oversized=1/1 completed=1/3 cache=1085
[progress] product=sunset-ombre-family-matching-set locale=no batch=1/1 completed=3/3 cache=1087
[progress] product=sunset-ombre-family-matching-set locale=pl oversized=1/1 completed=1/3 cache=1085
[progress] product=sunset-ombre-family-matching-set locale=pl batch=1/1 completed=3/3 cache=1087
[progress] product=sunset-ombre-family-matching-set locale=pt-BR oversized=1/1 completed=1/3 cache=1084
[progress] product=sunset-ombre-family-matching-set locale=pt-BR batch=1/1 completed=3/3 cache=1086
[progress] product=sunset-ombre-family-matching-set locale=ro oversized=1/1 completed=1/3 cache=1084
[progress] product=sunset-ombre-family-matching-set locale=ro batch=1/1 completed=3/3 cache=1086
[progress] product=sunset-ombre-family-matching-set locale=ru oversized=1/1 completed=1/3 cache=1079
[progress] product=sunset-ombre-family-matching-set locale=ru batch=1/1 completed=3/3 cache=1081
[progress] product=sunset-ombre-family-matching-set locale=sv oversized=1/1 completed=1/3 cache=1074
[progress] product=sunset-ombre-family-matching-set locale=sv batch=1/1 completed=3/3 cache=1076
[progress] product=morning-blooms-family-matching-set locale=ar oversized=1/1 completed=1/1 cache=1101
[progress] product=morning-blooms-family-matching-set locale=cs oversized=1/1 completed=1/1 cache=1101
[progress] product=morning-blooms-family-matching-set locale=da oversized=1/1 completed=1/1 cache=1101
[progress] product=morning-blooms-family-matching-set locale=de oversized=1/1 completed=1/1 cache=1101
[progress] product=morning-blooms-family-matching-set locale=el oversized=1/1 completed=1/1 cache=1101
[progress] product=morning-blooms-family-matching-set locale=es oversized=1/1 completed=1/1 cache=1442
[progress] product=morning-blooms-family-matching-set locale=fi oversized=1/1 completed=1/1 cache=1099
[progress] product=morning-blooms-family-matching-set locale=fr oversized=1/1 completed=1/1 cache=1096
[progress] product=morning-blooms-family-matching-set locale=he oversized=1/1 completed=1/1 cache=1096
[progress] product=morning-blooms-family-matching-set locale=hi oversized=1/1 completed=1/1 cache=1096
[progress] product=morning-blooms-family-matching-set locale=it oversized=1/1 completed=1/1 cache=1090
[progress] product=morning-blooms-family-matching-set locale=ja oversized=1/1 completed=1/1 cache=1089
[progress] product=morning-blooms-family-matching-set locale=ko oversized=1/1 completed=1/1 cache=1089
[progress] product=morning-blooms-family-matching-set locale=nl oversized=1/1 completed=1/1 cache=1088
[progress] product=morning-blooms-family-matching-set locale=no oversized=1/1 completed=1/1 cache=1088
[progress] product=morning-blooms-family-matching-set locale=pl oversized=1/1 completed=1/1 cache=1088
[progress] product=morning-blooms-family-matching-set locale=pt-BR oversized=1/1 completed=1/1 cache=1087
[progress] product=morning-blooms-family-matching-set locale=ro oversized=1/1 completed=1/1 cache=1087
[progress] product=morning-blooms-family-matching-set locale=ru oversized=1/1 completed=1/1 cache=1082
[progress] product=morning-blooms-family-matching-set locale=sv oversized=1/1 completed=1/1 cache=1077
[progress] product=shine-star-family-matching-sweatshirts locale=ar oversized=1/1 completed=1/1 cache=1102
[progress] product=shine-star-family-matching-sweatshirts locale=cs oversized=1/1 completed=1/1 cache=1102
[progress] product=shine-star-family-matching-sweatshirts locale=da oversized=1/1 completed=1/1 cache=1102
[progress] product=shine-star-family-matching-sweatshirts locale=de oversized=1/1 completed=1/1 cache=1102
[progress] product=shine-star-family-matching-sweatshirts locale=el oversized=1/1 completed=1/1 cache=1102
[progress] product=shine-star-family-matching-sweatshirts locale=es oversized=1/1 completed=1/1 cache=1443
[progress] product=shine-star-family-matching-sweatshirts locale=fi oversized=1/1 completed=1/1 cache=1100
[progress] product=shine-star-family-matching-sweatshirts locale=fr oversized=1/1 completed=1/1 cache=1097
[progress] product=shine-star-family-matching-sweatshirts locale=he oversized=1/1 completed=1/1 cache=1097
[progress] product=shine-star-family-matching-sweatshirts locale=hi oversized=1/1 completed=1/1 cache=1097
[progress] product=shine-star-family-matching-sweatshirts locale=it oversized=1/1 completed=1/1 cache=1091
[progress] product=shine-star-family-matching-sweatshirts locale=ja oversized=1/1 completed=1/1 cache=1090
[progress] product=shine-star-family-matching-sweatshirts locale=ko oversized=1/1 completed=1/1 cache=1090
[progress] product=shine-star-family-matching-sweatshirts locale=nl oversized=1/1 completed=1/1 cache=1089
[progress] product=shine-star-family-matching-sweatshirts locale=no oversized=1/1 completed=1/1 cache=1089
[progress] product=shine-star-family-matching-sweatshirts locale=pl oversized=1/1 completed=1/1 cache=1089
[progress] product=shine-star-family-matching-sweatshirts locale=pt-BR oversized=1/1 completed=1/2 cache=1087
[progress] product=shine-star-family-matching-sweatshirts locale=pt-BR batch=1/1 completed=2/2 cache=1088
[progress] product=shine-star-family-matching-sweatshirts locale=ro oversized=1/1 completed=1/1 cache=1088
[progress] product=shine-star-family-matching-sweatshirts locale=ru oversized=1/1 completed=1/1 cache=1083
[progress] product=shine-star-family-matching-sweatshirts locale=sv oversized=1/1 completed=1/1 cache=1078
[progress] product=rosewater-ombre-mommy-and-me-dresses locale=ar batch=1/1 completed=2/2 cache=1103
[progress] product=rosewater-ombre-mommy-and-me-dresses locale=cs batch=1/1 completed=2/2 cache=1103
[progress] product=rosewater-ombre-mommy-and-me-dresses locale=da batch=1/1 completed=1/1 cache=1103
[progress] product=rosewater-ombre-mommy-and-me-dresses locale=de batch=1/1 completed=2/2 cache=1103
[progress] product=rosewater-ombre-mommy-and-me-dresses locale=el batch=1/1 completed=1/1 cache=1103
[progress] product=rosewater-ombre-mommy-and-me-dresses locale=es batch=1/1 completed=1/1 cache=1444
[progress] product=rosewater-ombre-mommy-and-me-dresses locale=fi batch=1/1 completed=1/1 cache=1101
[progress] product=rosewater-ombre-mommy-and-me-dresses locale=fr batch=1/1 completed=1/1 cache=1098
[progress] product=rosewater-ombre-mommy-and-me-dresses locale=he batch=1/1 completed=1/1 cache=1098
[progress] product=rosewater-ombre-mommy-and-me-dresses locale=hi batch=1/1 completed=1/1 cache=1098
[progress] product=rosewater-ombre-mommy-and-me-dresses locale=it batch=1/1 completed=2/2 cache=1092
[progress] product=rosewater-ombre-mommy-and-me-dresses locale=ja batch=1/1 completed=1/1 cache=1091
[progress] product=rosewater-ombre-mommy-and-me-dresses locale=ko batch=1/1 completed=1/1 cache=1091
[progress] product=rosewater-ombre-mommy-and-me-dresses locale=nl batch=1/1 completed=1/1 cache=1090
[progress] product=rosewater-ombre-mommy-and-me-dresses locale=no batch=1/1 completed=1/1 cache=1090
[progress] product=rosewater-ombre-mommy-and-me-dresses locale=pl batch=1/1 completed=1/1 cache=1090
[progress] product=rosewater-ombre-mommy-and-me-dresses locale=pt-BR batch=1/1 completed=1/1 cache=1089
[progress] product=rosewater-ombre-mommy-and-me-dresses locale=ro batch=1/1 completed=1/1 cache=1089
[progress] product=rosewater-ombre-mommy-and-me-dresses locale=ru batch=1/1 completed=1/1 cache=1084
[progress] product=rosewater-ombre-mommy-and-me-dresses locale=sv batch=1/1 completed=1/1 cache=1079
[progress] product=monster-bloom-family-matching-onesie-pajamas locale=ar oversized=1/1 completed=1/1 cache=1104
[progress] product=monster-bloom-family-matching-onesie-pajamas locale=cs oversized=1/1 completed=1/1 cache=1104
[progress] product=monster-bloom-family-matching-onesie-pajamas locale=da oversized=1/1 completed=1/1 cache=1104
[progress] product=monster-bloom-family-matching-onesie-pajamas locale=de oversized=1/1 completed=1/1 cache=1104
[progress] product=monster-bloom-family-matching-onesie-pajamas locale=el oversized=1/1 completed=1/1 cache=1104
[progress] product=monster-bloom-family-matching-onesie-pajamas locale=es oversized=1/1 completed=1/1 cache=1445
[progress] product=monster-bloom-family-matching-onesie-pajamas locale=fi oversized=1/1 completed=1/1 cache=1102
[progress] product=monster-bloom-family-matching-onesie-pajamas locale=fr oversized=1/1 completed=1/1 cache=1099
[progress] product=monster-bloom-family-matching-onesie-pajamas locale=he oversized=1/1 completed=1/1 cache=1099
[progress] product=monster-bloom-family-matching-onesie-pajamas locale=hi oversized=1/1 completed=1/1 cache=1099
[progress] product=monster-bloom-family-matching-onesie-pajamas locale=it oversized=1/1 completed=1/1 cache=1093
[progress] product=monster-bloom-family-matching-onesie-pajamas locale=ja oversized=1/1 completed=1/1 cache=1092
[progress] product=monster-bloom-family-matching-onesie-pajamas locale=ko oversized=1/1 completed=1/1 cache=1092
[progress] product=monster-bloom-family-matching-onesie-pajamas locale=nl oversized=1/1 completed=1/1 cache=1091
[progress] product=monster-bloom-family-matching-onesie-pajamas locale=no oversized=1/1 completed=1/1 cache=1091
[progress] product=monster-bloom-family-matching-onesie-pajamas locale=pl oversized=1/1 completed=1/1 cache=1091
[progress] product=monster-bloom-family-matching-onesie-pajamas locale=pt-BR oversized=1/1 completed=1/1 cache=1090
[progress] product=monster-bloom-family-matching-onesie-pajamas locale=ro oversized=1/1 completed=1/1 cache=1090
[progress] product=monster-bloom-family-matching-onesie-pajamas locale=ru oversized=1/1 completed=1/1 cache=1085
[progress] product=monster-bloom-family-matching-onesie-pajamas locale=sv oversized=1/1 completed=1/1 cache=1080
[progress] product=spooky-skeleton-family-matching-onesie-pajamas locale=ar oversized=1/1 completed=1/1 cache=1105
[progress] product=spooky-skeleton-family-matching-onesie-pajamas locale=cs oversized=1/1 completed=1/1 cache=1105
[progress] product=spooky-skeleton-family-matching-onesie-pajamas locale=da oversized=1/1 completed=1/1 cache=1105
[progress] product=spooky-skeleton-family-matching-onesie-pajamas locale=de oversized=1/1 completed=1/1 cache=1105
[progress] product=spooky-skeleton-family-matching-onesie-pajamas locale=el oversized=1/1 completed=1/1 cache=1105
[progress] product=spooky-skeleton-family-matching-onesie-pajamas locale=es oversized=1/1 completed=1/1 cache=1446
[progress] product=spooky-skeleton-family-matching-onesie-pajamas locale=fi oversized=1/1 completed=1/1 cache=1103
[progress] product=spooky-skeleton-family-matching-onesie-pajamas locale=fr oversized=1/1 completed=1/1 cache=1100
[progress] product=spooky-skeleton-family-matching-onesie-pajamas locale=he oversized=1/1 completed=1/1 cache=1100
[progress] product=spooky-skeleton-family-matching-onesie-pajamas locale=hi oversized=1/1 completed=1/1 cache=1100
[progress] product=spooky-skeleton-family-matching-onesie-pajamas locale=it oversized=1/1 completed=1/1 cache=1094
[progress] product=spooky-skeleton-family-matching-onesie-pajamas locale=ja oversized=1/1 completed=1/1 cache=1093
[progress] product=spooky-skeleton-family-matching-onesie-pajamas locale=ko oversized=1/1 completed=1/1 cache=1093
[progress] product=spooky-skeleton-family-matching-onesie-pajamas locale=nl oversized=1/1 completed=1/1 cache=1092
[progress] product=spooky-skeleton-family-matching-onesie-pajamas locale=no oversized=1/1 completed=1/1 cache=1092
[progress] product=spooky-skeleton-family-matching-onesie-pajamas locale=pl oversized=1/1 completed=1/1 cache=1092
[progress] product=spooky-skeleton-family-matching-onesie-pajamas locale=pt-BR oversized=1/1 completed=1/1 cache=1091
[progress] product=spooky-skeleton-family-matching-onesie-pajamas locale=ro oversized=1/1 completed=1/1 cache=1091
[progress] product=spooky-skeleton-family-matching-onesie-pajamas locale=ru oversized=1/1 completed=1/1 cache=1086
[progress] product=spooky-skeleton-family-matching-onesie-pajamas locale=sv oversized=1/1 completed=1/1 cache=1081
[progress] product=pumpkin-ghost-family-matching-pajamas locale=ar oversized=1/1 completed=1/1 cache=1106
[progress] product=pumpkin-ghost-family-matching-pajamas locale=cs oversized=1/1 completed=1/1 cache=1106
[progress] product=pumpkin-ghost-family-matching-pajamas locale=da oversized=1/1 completed=1/1 cache=1106
[progress] product=pumpkin-ghost-family-matching-pajamas locale=de oversized=1/1 completed=1/1 cache=1106
[progress] product=pumpkin-ghost-family-matching-pajamas locale=el oversized=1/1 completed=1/1 cache=1106
[progress] product=pumpkin-ghost-family-matching-pajamas locale=es oversized=1/1 completed=1/1 cache=1447
[progress] product=pumpkin-ghost-family-matching-pajamas locale=fi oversized=1/1 completed=1/1 cache=1104
[progress] product=pumpkin-ghost-family-matching-pajamas locale=fr oversized=1/1 completed=1/1 cache=1101
[progress] product=pumpkin-ghost-family-matching-pajamas locale=he oversized=1/1 completed=1/1 cache=1101
[progress] product=pumpkin-ghost-family-matching-pajamas locale=hi oversized=1/1 completed=1/1 cache=1101
[progress] product=pumpkin-ghost-family-matching-pajamas locale=it oversized=1/1 completed=1/1 cache=1095
[progress] product=pumpkin-ghost-family-matching-pajamas locale=ja oversized=1/1 completed=1/1 cache=1094
[progress] product=pumpkin-ghost-family-matching-pajamas locale=ko oversized=1/1 completed=1/1 cache=1094
[progress] product=pumpkin-ghost-family-matching-pajamas locale=nl oversized=1/1 completed=1/1 cache=1093
[progress] product=pumpkin-ghost-family-matching-pajamas locale=no oversized=1/1 completed=1/1 cache=1093
[progress] product=pumpkin-ghost-family-matching-pajamas locale=pl oversized=1/1 completed=1/1 cache=1093
[progress] product=pumpkin-ghost-family-matching-pajamas locale=pt-BR oversized=1/1 completed=1/1 cache=1092
[progress] product=pumpkin-ghost-family-matching-pajamas locale=ro oversized=1/1 completed=1/1 cache=1092
[progress] product=pumpkin-ghost-family-matching-pajamas locale=ru oversized=1/1 completed=1/1 cache=1087
[progress] product=pumpkin-ghost-family-matching-pajamas locale=sv oversized=1/1 completed=1/1 cache=1082
[progress] product=beanie-ghost-family-matching-pajamas locale=ar oversized=1/1 completed=1/6 cache=1102
[progress] product=beanie-ghost-family-matching-pajamas locale=ar batch=1/1 completed=6/6 cache=1107
[progress] product=beanie-ghost-family-matching-pajamas locale=cs oversized=1/1 completed=1/6 cache=1102
[progress] product=beanie-ghost-family-matching-pajamas locale=cs batch=1/1 completed=6/6 cache=1107
[progress] product=beanie-ghost-family-matching-pajamas locale=da oversized=1/1 completed=1/6 cache=1102
[progress] product=beanie-ghost-family-matching-pajamas locale=da batch=1/1 completed=6/6 cache=1107
[progress] product=beanie-ghost-family-matching-pajamas locale=de oversized=1/1 completed=1/6 cache=1102
[progress] product=beanie-ghost-family-matching-pajamas locale=de batch=1/1 completed=6/6 cache=1107
[progress] product=beanie-ghost-family-matching-pajamas locale=el oversized=1/1 completed=1/6 cache=1102
[progress] product=beanie-ghost-family-matching-pajamas locale=el batch=1/1 completed=6/6 cache=1107
[progress] product=beanie-ghost-family-matching-pajamas locale=es oversized=1/1 completed=1/6 cache=1443
[progress] product=beanie-ghost-family-matching-pajamas locale=es batch=1/1 completed=6/6 cache=1448
[progress] product=beanie-ghost-family-matching-pajamas locale=fi oversized=1/1 completed=1/6 cache=1100
[progress] product=beanie-ghost-family-matching-pajamas locale=fi batch=1/1 completed=6/6 cache=1105
[progress] product=beanie-ghost-family-matching-pajamas locale=fr oversized=1/1 completed=1/6 cache=1097
[progress] product=beanie-ghost-family-matching-pajamas locale=fr batch=1/1 completed=6/6 cache=1102
[progress] product=beanie-ghost-family-matching-pajamas locale=he oversized=1/1 completed=1/6 cache=1097
[progress] product=beanie-ghost-family-matching-pajamas locale=he batch=1/1 completed=6/6 cache=1102
[progress] product=beanie-ghost-family-matching-pajamas locale=hi oversized=1/1 completed=1/6 cache=1097
[progress] product=beanie-ghost-family-matching-pajamas locale=hi batch=1/1 completed=6/6 cache=1102
[progress] product=beanie-ghost-family-matching-pajamas locale=it oversized=1/1 completed=1/6 cache=1091
[progress] product=beanie-ghost-family-matching-pajamas locale=it batch=1/1 completed=6/6 cache=1096
[progress] product=beanie-ghost-family-matching-pajamas locale=ja oversized=1/1 completed=1/6 cache=1090
[progress] product=beanie-ghost-family-matching-pajamas locale=ja batch=1/1 completed=6/6 cache=1095
[progress] product=beanie-ghost-family-matching-pajamas locale=ko oversized=1/1 completed=1/6 cache=1090
[progress] product=beanie-ghost-family-matching-pajamas locale=ko batch=1/1 completed=6/6 cache=1095
[progress] product=beanie-ghost-family-matching-pajamas locale=nl oversized=1/1 completed=1/6 cache=1089
[progress] product=beanie-ghost-family-matching-pajamas locale=nl batch=1/1 completed=6/6 cache=1094
[progress] product=beanie-ghost-family-matching-pajamas locale=no oversized=1/1 completed=1/6 cache=1089
[progress] product=beanie-ghost-family-matching-pajamas locale=no batch=1/1 completed=6/6 cache=1094
[progress] product=beanie-ghost-family-matching-pajamas locale=pl oversized=1/1 completed=1/6 cache=1089
[progress] product=beanie-ghost-family-matching-pajamas locale=pl batch=1/1 completed=6/6 cache=1094
[progress] product=beanie-ghost-family-matching-pajamas locale=pt-BR oversized=1/1 completed=1/6 cache=1088
[progress] product=beanie-ghost-family-matching-pajamas locale=pt-BR batch=1/1 completed=6/6 cache=1093
[progress] product=beanie-ghost-family-matching-pajamas locale=ro oversized=1/1 completed=1/6 cache=1088
[progress] product=beanie-ghost-family-matching-pajamas locale=ro batch=1/1 completed=6/6 cache=1093
[progress] product=beanie-ghost-family-matching-pajamas locale=ru oversized=1/1 completed=1/6 cache=1083
[progress] product=beanie-ghost-family-matching-pajamas locale=ru batch=1/1 completed=6/6 cache=1088
[progress] product=beanie-ghost-family-matching-pajamas locale=sv oversized=1/1 completed=1/6 cache=1078
[progress] product=beanie-ghost-family-matching-pajamas locale=sv batch=1/1 completed=6/6 cache=1083
[progress] product=boo-stripe-family-matching-pajamas locale=ar oversized=1/1 completed=1/1 cache=1108
[progress] product=boo-stripe-family-matching-pajamas locale=cs oversized=1/1 completed=1/1 cache=1108
[progress] product=boo-stripe-family-matching-pajamas locale=da oversized=1/1 completed=1/1 cache=1108
[progress] product=boo-stripe-family-matching-pajamas locale=de oversized=1/1 completed=1/1 cache=1108
[progress] product=boo-stripe-family-matching-pajamas locale=el oversized=1/1 completed=1/1 cache=1108
[progress] product=boo-stripe-family-matching-pajamas locale=es oversized=1/1 completed=1/1 cache=1449
[progress] product=boo-stripe-family-matching-pajamas locale=fi oversized=1/1 completed=1/1 cache=1106
[progress] product=boo-stripe-family-matching-pajamas locale=fr oversized=1/1 completed=1/1 cache=1103
[progress] product=boo-stripe-family-matching-pajamas locale=he oversized=1/1 completed=1/1 cache=1103
[progress] product=boo-stripe-family-matching-pajamas locale=hi oversized=1/1 completed=1/1 cache=1103
[progress] product=boo-stripe-family-matching-pajamas locale=it oversized=1/1 completed=1/1 cache=1097
[progress] product=boo-stripe-family-matching-pajamas locale=ja oversized=1/1 completed=1/1 cache=1096
[progress] product=boo-stripe-family-matching-pajamas locale=ko oversized=1/1 completed=1/1 cache=1096
[progress] product=boo-stripe-family-matching-pajamas locale=nl oversized=1/1 completed=1/1 cache=1095
[progress] product=boo-stripe-family-matching-pajamas locale=no oversized=1/1 completed=1/1 cache=1095
[progress] product=boo-stripe-family-matching-pajamas locale=pl oversized=1/1 completed=1/1 cache=1095
[progress] product=boo-stripe-family-matching-pajamas locale=pt-BR oversized=1/1 completed=1/1 cache=1094
[progress] product=boo-stripe-family-matching-pajamas locale=ro oversized=1/1 completed=1/1 cache=1094
[progress] product=boo-stripe-family-matching-pajamas locale=ru oversized=1/1 completed=1/1 cache=1089
[progress] product=boo-stripe-family-matching-pajamas locale=sv oversized=1/1 completed=1/1 cache=1084
[progress] product=trick-or-treat-family-matching-pajamas locale=ar oversized=1/1 completed=1/5 cache=1105
[progress] product=trick-or-treat-family-matching-pajamas locale=ar batch=1/1 completed=5/5 cache=1109
[progress] product=trick-or-treat-family-matching-pajamas locale=cs oversized=1/1 completed=1/5 cache=1105
[progress] product=trick-or-treat-family-matching-pajamas locale=cs batch=1/1 completed=5/5 cache=1109
[progress] product=trick-or-treat-family-matching-pajamas locale=da oversized=1/1 completed=1/5 cache=1105
[progress] product=trick-or-treat-family-matching-pajamas locale=da batch=1/1 completed=5/5 cache=1109
[progress] product=trick-or-treat-family-matching-pajamas locale=de oversized=1/1 completed=1/5 cache=1105
[progress] product=trick-or-treat-family-matching-pajamas locale=de batch=1/1 completed=5/5 cache=1109
[progress] product=trick-or-treat-family-matching-pajamas locale=el oversized=1/1 completed=1/5 cache=1105
[progress] product=trick-or-treat-family-matching-pajamas locale=el batch=1/1 completed=5/5 cache=1109
[progress] product=trick-or-treat-family-matching-pajamas locale=es oversized=1/1 completed=1/5 cache=1446
[progress] product=trick-or-treat-family-matching-pajamas locale=es batch=1/1 completed=5/5 cache=1450
[progress] product=trick-or-treat-family-matching-pajamas locale=fi oversized=1/1 completed=1/5 cache=1103
[progress] product=trick-or-treat-family-matching-pajamas locale=fi batch=1/1 completed=5/5 cache=1107
[progress] product=trick-or-treat-family-matching-pajamas locale=fr oversized=1/1 completed=1/5 cache=1100
[progress] product=trick-or-treat-family-matching-pajamas locale=fr batch=1/1 completed=5/5 cache=1104
[progress] product=trick-or-treat-family-matching-pajamas locale=he oversized=1/1 completed=1/5 cache=1100
[progress] product=trick-or-treat-family-matching-pajamas locale=he batch=1/1 completed=5/5 cache=1104
[progress] product=trick-or-treat-family-matching-pajamas locale=hi oversized=1/1 completed=1/5 cache=1100
[progress] product=trick-or-treat-family-matching-pajamas locale=hi batch=1/1 completed=5/5 cache=1104
[progress] product=trick-or-treat-family-matching-pajamas locale=it oversized=1/1 completed=1/5 cache=1094
[progress] product=trick-or-treat-family-matching-pajamas locale=it batch=1/1 completed=5/5 cache=1098
[progress] product=trick-or-treat-family-matching-pajamas locale=ja oversized=1/1 completed=1/5 cache=1093
[progress] product=trick-or-treat-family-matching-pajamas locale=ja batch=1/1 completed=5/5 cache=1097
[progress] product=trick-or-treat-family-matching-pajamas locale=ko oversized=1/1 completed=1/5 cache=1093
[progress] product=trick-or-treat-family-matching-pajamas locale=ko batch=1/1 completed=5/5 cache=1097
[progress] product=trick-or-treat-family-matching-pajamas locale=nl oversized=1/1 completed=1/5 cache=1092
[progress] product=trick-or-treat-family-matching-pajamas locale=nl batch=1/1 completed=5/5 cache=1096
[progress] product=trick-or-treat-family-matching-pajamas locale=no oversized=1/1 completed=1/5 cache=1092
[progress] product=trick-or-treat-family-matching-pajamas locale=no batch=1/1 completed=5/5 cache=1096
[progress] product=trick-or-treat-family-matching-pajamas locale=pl oversized=1/1 completed=1/5 cache=1092
[progress] product=trick-or-treat-family-matching-pajamas locale=pl batch=1/1 completed=5/5 cache=1096
[progress] product=trick-or-treat-family-matching-pajamas locale=pt-BR oversized=1/1 completed=1/5 cache=1091
[progress] product=trick-or-treat-family-matching-pajamas locale=pt-BR batch=1/1 completed=5/5 cache=1095
[progress] product=trick-or-treat-family-matching-pajamas locale=ro oversized=1/1 completed=1/5 cache=1091
[progress] product=trick-or-treat-family-matching-pajamas locale=ro batch=1/1 completed=5/5 cache=1095
[progress] product=trick-or-treat-family-matching-pajamas locale=ru oversized=1/1 completed=1/5 cache=1086
[progress] product=trick-or-treat-family-matching-pajamas locale=ru batch=1/1 completed=5/5 cache=1090
[progress] product=trick-or-treat-family-matching-pajamas locale=sv oversized=1/1 completed=1/5 cache=1081
[progress] product=trick-or-treat-family-matching-pajamas locale=sv batch=1/1 completed=5/5 cache=1085
[progress] product=christmas-reindeer-family-matching-sweaters locale=ar batch=1/1 completed=7/7 cache=1110
[progress] product=christmas-reindeer-family-matching-sweaters locale=cs batch=1/1 completed=7/7 cache=1110
[progress] product=christmas-reindeer-family-matching-sweaters locale=da batch=1/1 completed=7/7 cache=1110
[progress] product=christmas-reindeer-family-matching-sweaters locale=de batch=1/1 completed=7/7 cache=1110
[progress] product=christmas-reindeer-family-matching-sweaters locale=el batch=1/1 completed=7/7 cache=1110
[progress] product=christmas-reindeer-family-matching-sweaters locale=es batch=1/1 completed=7/7 cache=1451
[progress] product=christmas-reindeer-family-matching-sweaters locale=fi batch=1/1 completed=7/7 cache=1108
[progress] product=christmas-reindeer-family-matching-sweaters locale=fr batch=1/1 completed=7/7 cache=1105
[progress] product=christmas-reindeer-family-matching-sweaters locale=he batch=1/1 completed=7/7 cache=1105
[progress] product=christmas-reindeer-family-matching-sweaters locale=hi batch=1/1 completed=7/7 cache=1105
[progress] product=christmas-reindeer-family-matching-sweaters locale=it batch=1/1 completed=7/7 cache=1099
[progress] product=christmas-reindeer-family-matching-sweaters locale=ja batch=1/1 completed=7/7 cache=1098
[progress] product=christmas-reindeer-family-matching-sweaters locale=ko batch=1/1 completed=7/7 cache=1098
[progress] product=christmas-reindeer-family-matching-sweaters locale=nl batch=1/1 completed=7/7 cache=1097
[progress] product=christmas-reindeer-family-matching-sweaters locale=no batch=1/1 completed=7/7 cache=1097
[progress] product=christmas-reindeer-family-matching-sweaters locale=pl batch=1/1 completed=7/7 cache=1097
[progress] product=christmas-reindeer-family-matching-sweaters locale=pt-BR batch=1/1 completed=7/7 cache=1096
[progress] product=christmas-reindeer-family-matching-sweaters locale=ro batch=1/1 completed=7/7 cache=1096
[progress] product=christmas-reindeer-family-matching-sweaters locale=ru batch=1/1 completed=7/7 cache=1091
[progress] product=christmas-reindeer-family-matching-sweaters locale=sv batch=1/1 completed=7/7 cache=1086
[progress] product=polar-bear-christmas-family-matching-sweaters locale=ar batch=1/1 completed=1/1 cache=1111
[progress] product=polar-bear-christmas-family-matching-sweaters locale=cs batch=1/1 completed=1/1 cache=1111
[progress] product=polar-bear-christmas-family-matching-sweaters locale=da batch=1/1 completed=1/1 cache=1111
[progress] product=polar-bear-christmas-family-matching-sweaters locale=de batch=1/1 completed=1/1 cache=1111
[progress] product=polar-bear-christmas-family-matching-sweaters locale=el batch=1/1 completed=1/1 cache=1111
[progress] product=polar-bear-christmas-family-matching-sweaters locale=es batch=1/1 completed=1/1 cache=1452
[progress] product=polar-bear-christmas-family-matching-sweaters locale=fi batch=1/1 completed=1/1 cache=1109
[progress] product=polar-bear-christmas-family-matching-sweaters locale=fr batch=1/1 completed=1/1 cache=1106
[progress] product=polar-bear-christmas-family-matching-sweaters locale=he batch=1/1 completed=1/1 cache=1106
[progress] product=polar-bear-christmas-family-matching-sweaters locale=hi batch=1/1 completed=1/1 cache=1106
[progress] product=polar-bear-christmas-family-matching-sweaters locale=it batch=1/1 completed=1/1 cache=1100
[progress] product=polar-bear-christmas-family-matching-sweaters locale=ja batch=1/1 completed=1/1 cache=1099
[progress] product=polar-bear-christmas-family-matching-sweaters locale=ko batch=1/1 completed=1/1 cache=1099
[progress] product=polar-bear-christmas-family-matching-sweaters locale=nl batch=1/1 completed=1/1 cache=1098
[progress] product=polar-bear-christmas-family-matching-sweaters locale=no batch=1/1 completed=1/1 cache=1098
[progress] product=polar-bear-christmas-family-matching-sweaters locale=pl batch=1/1 completed=1/1 cache=1098
[progress] product=polar-bear-christmas-family-matching-sweaters locale=pt-BR batch=1/1 completed=1/1 cache=1097
[progress] product=polar-bear-christmas-family-matching-sweaters locale=ro batch=1/1 completed=1/1 cache=1097
[progress] product=polar-bear-christmas-family-matching-sweaters locale=ru batch=1/1 completed=1/1 cache=1092
[progress] product=polar-bear-christmas-family-matching-sweaters locale=sv batch=1/1 completed=1/1 cache=1087
[progress] product=snowflake-reindeer-family-matching-onesie-pajamas locale=ar oversized=1/1 completed=1/8 cache=1105
[progress] product=snowflake-reindeer-family-matching-onesie-pajamas locale=ar batch=1/1 completed=8/8 cache=1112
[progress] product=snowflake-reindeer-family-matching-onesie-pajamas locale=cs oversized=1/1 completed=1/8 cache=1105
[progress] product=snowflake-reindeer-family-matching-onesie-pajamas locale=cs batch=1/1 completed=8/8 cache=1112
[progress] product=snowflake-reindeer-family-matching-onesie-pajamas locale=da oversized=1/1 completed=1/8 cache=1105
[progress] product=snowflake-reindeer-family-matching-onesie-pajamas locale=da batch=1/1 completed=8/8 cache=1112
[progress] product=snowflake-reindeer-family-matching-onesie-pajamas locale=de oversized=1/1 completed=1/8 cache=1105
[progress] product=snowflake-reindeer-family-matching-onesie-pajamas locale=de batch=1/1 completed=8/8 cache=1112
[progress] product=snowflake-reindeer-family-matching-onesie-pajamas locale=el oversized=1/1 completed=1/8 cache=1105
[progress] product=snowflake-reindeer-family-matching-onesie-pajamas locale=el batch=1/1 completed=8/8 cache=1112
[progress] product=snowflake-reindeer-family-matching-onesie-pajamas locale=es oversized=1/1 completed=1/8 cache=1446
[progress] product=snowflake-reindeer-family-matching-onesie-pajamas locale=es batch=1/1 completed=8/8 cache=1453
[progress] product=snowflake-reindeer-family-matching-onesie-pajamas locale=fi oversized=1/1 completed=1/8 cache=1103
[progress] product=snowflake-reindeer-family-matching-onesie-pajamas locale=fi batch=1/1 completed=8/8 cache=1110
[progress] product=snowflake-reindeer-family-matching-onesie-pajamas locale=fr oversized=1/1 completed=1/8 cache=1100
[progress] product=snowflake-reindeer-family-matching-onesie-pajamas locale=fr batch=1/1 completed=8/8 cache=1107
[progress] product=snowflake-reindeer-family-matching-onesie-pajamas locale=he oversized=1/1 completed=1/8 cache=1100
[progress] product=snowflake-reindeer-family-matching-onesie-pajamas locale=he batch=1/1 completed=8/8 cache=1107
[progress] product=snowflake-reindeer-family-matching-onesie-pajamas locale=hi oversized=1/1 completed=1/8 cache=1100
[progress] product=snowflake-reindeer-family-matching-onesie-pajamas locale=hi batch=1/1 completed=8/8 cache=1107
[progress] product=snowflake-reindeer-family-matching-onesie-pajamas locale=it oversized=1/1 completed=1/8 cache=1094
[progress] product=snowflake-reindeer-family-matching-onesie-pajamas locale=it batch=1/1 completed=8/8 cache=1101
[progress] product=snowflake-reindeer-family-matching-onesie-pajamas locale=ja oversized=1/1 completed=1/8 cache=1093
[progress] product=snowflake-reindeer-family-matching-onesie-pajamas locale=ja batch=1/1 completed=8/8 cache=1100
[progress] product=snowflake-reindeer-family-matching-onesie-pajamas locale=ko oversized=1/1 completed=1/8 cache=1093
[progress] product=snowflake-reindeer-family-matching-onesie-pajamas locale=ko batch=1/1 completed=8/8 cache=1100
[progress] product=snowflake-reindeer-family-matching-onesie-pajamas locale=nl oversized=1/1 completed=1/8 cache=1092
[progress] product=snowflake-reindeer-family-matching-onesie-pajamas locale=nl batch=1/1 completed=8/8 cache=1099
[progress] product=snowflake-reindeer-family-matching-onesie-pajamas locale=no oversized=1/1 completed=1/8 cache=1092
[progress] product=snowflake-reindeer-family-matching-onesie-pajamas locale=no batch=1/1 completed=8/8 cache=1099
[progress] product=snowflake-reindeer-family-matching-onesie-pajamas locale=pl oversized=1/1 completed=1/8 cache=1092
[progress] product=snowflake-reindeer-family-matching-onesie-pajamas locale=pl batch=1/1 completed=8/8 cache=1099
[progress] product=snowflake-reindeer-family-matching-onesie-pajamas locale=pt-BR oversized=1/1 completed=1/8 cache=1091
[progress] product=snowflake-reindeer-family-matching-onesie-pajamas locale=pt-BR batch=1/1 completed=8/8 cache=1098
[progress] product=snowflake-reindeer-family-matching-onesie-pajamas locale=ro oversized=1/1 completed=1/8 cache=1091
[progress] product=snowflake-reindeer-family-matching-onesie-pajamas locale=ro batch=1/1 completed=8/8 cache=1098
[progress] product=snowflake-reindeer-family-matching-onesie-pajamas locale=ru oversized=1/1 completed=1/8 cache=1086
[progress] product=snowflake-reindeer-family-matching-onesie-pajamas locale=ru batch=1/1 completed=8/8 cache=1093
[progress] product=snowflake-reindeer-family-matching-onesie-pajamas locale=sv oversized=1/1 completed=1/8 cache=1081
[progress] product=snowflake-reindeer-family-matching-onesie-pajamas locale=sv batch=1/1 completed=8/8 cache=1088
[progress] product=santa-tree-topper-family-matching-sweaters locale=ar batch=1/1 completed=5/5 cache=1113
[progress] product=santa-tree-topper-family-matching-sweaters locale=cs batch=1/1 completed=5/5 cache=1113
[progress] product=santa-tree-topper-family-matching-sweaters locale=da batch=1/1 completed=5/5 cache=1113
[progress] product=santa-tree-topper-family-matching-sweaters locale=de batch=1/1 completed=5/5 cache=1113
[progress] product=santa-tree-topper-family-matching-sweaters locale=el batch=1/1 completed=5/5 cache=1113
[progress] product=santa-tree-topper-family-matching-sweaters locale=es batch=1/1 completed=5/5 cache=1454
[progress] product=santa-tree-topper-family-matching-sweaters locale=fi batch=1/1 completed=5/5 cache=1111
[progress] product=santa-tree-topper-family-matching-sweaters locale=fr batch=1/1 completed=5/5 cache=1108
[progress] product=santa-tree-topper-family-matching-sweaters locale=he batch=1/1 completed=5/5 cache=1108
[progress] product=santa-tree-topper-family-matching-sweaters locale=hi batch=1/1 completed=5/5 cache=1108
[progress] product=santa-tree-topper-family-matching-sweaters locale=it batch=1/1 completed=5/5 cache=1102
[progress] product=santa-tree-topper-family-matching-sweaters locale=ja batch=1/1 completed=5/5 cache=1101
[progress] product=santa-tree-topper-family-matching-sweaters locale=ko batch=1/1 completed=5/5 cache=1101
[progress] product=santa-tree-topper-family-matching-sweaters locale=nl batch=1/1 completed=5/5 cache=1100
[progress] product=santa-tree-topper-family-matching-sweaters locale=no batch=1/1 completed=5/5 cache=1100
[progress] product=santa-tree-topper-family-matching-sweaters locale=pl batch=1/1 completed=5/5 cache=1100
[progress] product=santa-tree-topper-family-matching-sweaters locale=pt-BR batch=1/1 completed=5/5 cache=1099
[progress] product=santa-tree-topper-family-matching-sweaters locale=ro batch=1/1 completed=5/5 cache=1099
[progress] product=santa-tree-topper-family-matching-sweaters locale=ru batch=1/1 completed=5/5 cache=1098
[progress] product=santa-tree-topper-family-matching-sweaters locale=sv batch=1/1 completed=5/5 cache=1093
[progress] product=christmas-stocking-family-matching-sweaters locale=ar batch=1/1 completed=5/5 cache=1114
[progress] product=christmas-stocking-family-matching-sweaters locale=cs batch=1/1 completed=5/5 cache=1114
[progress] product=christmas-stocking-family-matching-sweaters locale=da batch=1/1 completed=5/5 cache=1114
[progress] product=christmas-stocking-family-matching-sweaters locale=de batch=1/1 completed=5/5 cache=1114
[progress] product=christmas-stocking-family-matching-sweaters locale=el batch=1/1 completed=5/5 cache=1114
[progress] product=christmas-stocking-family-matching-sweaters locale=es batch=1/1 completed=5/5 cache=1455
[progress] product=christmas-stocking-family-matching-sweaters locale=fi batch=1/1 completed=5/5 cache=1112
[progress] product=christmas-stocking-family-matching-sweaters locale=fr batch=1/1 completed=5/5 cache=1109
[progress] product=christmas-stocking-family-matching-sweaters locale=he batch=1/1 completed=5/5 cache=1109
[progress] product=christmas-stocking-family-matching-sweaters locale=hi batch=1/1 completed=5/5 cache=1109
[progress] product=christmas-stocking-family-matching-sweaters locale=it batch=1/1 completed=5/5 cache=1103
[progress] product=christmas-stocking-family-matching-sweaters locale=ja batch=1/1 completed=5/5 cache=1102
[progress] product=christmas-stocking-family-matching-sweaters locale=ko batch=1/1 completed=5/5 cache=1102
[progress] product=christmas-stocking-family-matching-sweaters locale=nl batch=1/1 completed=5/5 cache=1101
[progress] product=christmas-stocking-family-matching-sweaters locale=no batch=1/1 completed=5/5 cache=1101
[progress] product=christmas-stocking-family-matching-sweaters locale=pl batch=1/1 completed=5/5 cache=1101
[progress] product=christmas-stocking-family-matching-sweaters locale=pt-BR batch=1/1 completed=5/5 cache=1100
[progress] product=christmas-stocking-family-matching-sweaters locale=ro batch=1/1 completed=5/5 cache=1100
[progress] product=christmas-stocking-family-matching-sweaters locale=ru batch=1/1 completed=5/5 cache=1099
[progress] product=christmas-stocking-family-matching-sweaters locale=sv batch=1/1 completed=5/5 cache=1094
[progress] product=reindeer-row-family-matching-sweaters locale=ar batch=1/1 completed=6/6 cache=1115
[progress] product=reindeer-row-family-matching-sweaters locale=cs batch=1/1 completed=6/6 cache=1115
[progress] product=reindeer-row-family-matching-sweaters locale=da batch=1/1 completed=6/6 cache=1115
[progress] product=reindeer-row-family-matching-sweaters locale=de batch=1/1 completed=6/6 cache=1115
[progress] product=reindeer-row-family-matching-sweaters locale=el batch=1/1 completed=6/6 cache=1115
[progress] product=reindeer-row-family-matching-sweaters locale=es batch=1/1 completed=6/6 cache=1456
[progress] product=reindeer-row-family-matching-sweaters locale=fi batch=1/1 completed=6/6 cache=1113
[progress] product=reindeer-row-family-matching-sweaters locale=fr batch=1/1 completed=6/6 cache=1110
[progress] product=reindeer-row-family-matching-sweaters locale=he batch=1/1 completed=6/6 cache=1110
[progress] product=reindeer-row-family-matching-sweaters locale=hi batch=1/1 completed=6/6 cache=1110
[progress] product=reindeer-row-family-matching-sweaters locale=it batch=1/1 completed=6/6 cache=1104
[progress] product=reindeer-row-family-matching-sweaters locale=ja batch=1/1 completed=6/6 cache=1103
[progress] product=reindeer-row-family-matching-sweaters locale=ko batch=1/1 completed=6/6 cache=1103
[progress] product=reindeer-row-family-matching-sweaters locale=nl batch=1/1 completed=6/6 cache=1102
[progress] product=reindeer-row-family-matching-sweaters locale=no batch=1/1 completed=6/6 cache=1102
[progress] product=reindeer-row-family-matching-sweaters locale=pl batch=1/1 completed=6/6 cache=1102
[progress] product=reindeer-row-family-matching-sweaters locale=pt-BR batch=1/1 completed=6/6 cache=1101
[progress] product=reindeer-row-family-matching-sweaters locale=ro batch=1/1 completed=6/6 cache=1101
[progress] product=reindeer-row-family-matching-sweaters locale=ru batch=1/1 completed=6/6 cache=1100
[progress] product=reindeer-row-family-matching-sweaters locale=sv batch=1/1 completed=6/6 cache=1095
[progress] product=reindeer-string-lights-family-matching-sweaters locale=ar batch=1/1 completed=6/6 cache=1116
[progress] product=reindeer-string-lights-family-matching-sweaters locale=cs batch=1/1 completed=6/6 cache=1116
[progress] product=reindeer-string-lights-family-matching-sweaters locale=da batch=1/1 completed=6/6 cache=1116
[progress] product=reindeer-string-lights-family-matching-sweaters locale=de batch=1/1 completed=6/6 cache=1116
[progress] product=reindeer-string-lights-family-matching-sweaters locale=el batch=1/1 completed=6/6 cache=1116
[progress] product=reindeer-string-lights-family-matching-sweaters locale=es batch=1/1 completed=6/6 cache=1457
[progress] product=reindeer-string-lights-family-matching-sweaters locale=fi batch=1/1 completed=6/6 cache=1114
[progress] product=reindeer-string-lights-family-matching-sweaters locale=fr batch=1/1 completed=6/6 cache=1111
[progress] product=reindeer-string-lights-family-matching-sweaters locale=he batch=1/1 completed=6/6 cache=1111
[progress] product=reindeer-string-lights-family-matching-sweaters locale=hi batch=1/1 completed=6/6 cache=1111
[progress] product=reindeer-string-lights-family-matching-sweaters locale=it batch=1/1 completed=6/6 cache=1105
[progress] product=reindeer-string-lights-family-matching-sweaters locale=ja batch=1/1 completed=6/6 cache=1104
[progress] product=reindeer-string-lights-family-matching-sweaters locale=ko batch=1/1 completed=6/6 cache=1104
[progress] product=reindeer-string-lights-family-matching-sweaters locale=nl batch=1/1 completed=6/6 cache=1103
[progress] product=reindeer-string-lights-family-matching-sweaters locale=no batch=1/1 completed=6/6 cache=1103
[progress] product=reindeer-string-lights-family-matching-sweaters locale=pl batch=1/1 completed=6/6 cache=1103
[progress] product=reindeer-string-lights-family-matching-sweaters locale=pt-BR batch=1/1 completed=6/6 cache=1102
[progress] product=reindeer-string-lights-family-matching-sweaters locale=ro batch=1/1 completed=6/6 cache=1102
[progress] product=reindeer-string-lights-family-matching-sweaters locale=ru batch=1/1 completed=6/6 cache=1101
[progress] product=reindeer-string-lights-family-matching-sweaters locale=sv batch=1/1 completed=6/6 cache=1100
[progress] product=nordic-reindeer-family-matching-sweaters locale=ar oversized=1/1 completed=1/5 cache=1113
[progress] product=nordic-reindeer-family-matching-sweaters locale=ar batch=1/1 completed=5/5 cache=1117
[progress] product=nordic-reindeer-family-matching-sweaters locale=cs oversized=1/1 completed=1/5 cache=1113
[progress] product=nordic-reindeer-family-matching-sweaters locale=cs batch=1/1 completed=5/5 cache=1117
[progress] product=nordic-reindeer-family-matching-sweaters locale=da oversized=1/1 completed=1/5 cache=1113
[progress] product=nordic-reindeer-family-matching-sweaters locale=da batch=1/1 completed=5/5 cache=1117
[progress] product=nordic-reindeer-family-matching-sweaters locale=de oversized=1/1 completed=1/5 cache=1113
[progress] product=nordic-reindeer-family-matching-sweaters locale=de batch=1/1 completed=5/5 cache=1117
[progress] product=nordic-reindeer-family-matching-sweaters locale=el oversized=1/1 completed=1/5 cache=1113
[progress] product=nordic-reindeer-family-matching-sweaters locale=el batch=1/1 completed=5/5 cache=1117
[progress] product=nordic-reindeer-family-matching-sweaters locale=es oversized=1/1 completed=1/5 cache=1454
[progress] product=nordic-reindeer-family-matching-sweaters locale=es batch=1/1 completed=5/5 cache=1458
[progress] product=nordic-reindeer-family-matching-sweaters locale=fi oversized=1/1 completed=1/5 cache=1111
[progress] product=nordic-reindeer-family-matching-sweaters locale=fi batch=1/1 completed=5/5 cache=1115
[progress] product=nordic-reindeer-family-matching-sweaters locale=fr oversized=1/1 completed=1/5 cache=1108
[progress] product=nordic-reindeer-family-matching-sweaters locale=fr batch=1/1 completed=5/5 cache=1112
[progress] product=nordic-reindeer-family-matching-sweaters locale=he oversized=1/1 completed=1/5 cache=1108
[progress] product=nordic-reindeer-family-matching-sweaters locale=he batch=1/1 completed=5/5 cache=1112
[progress] product=nordic-reindeer-family-matching-sweaters locale=hi oversized=1/1 completed=1/5 cache=1108
[progress] product=nordic-reindeer-family-matching-sweaters locale=hi batch=1/1 completed=5/5 cache=1112
[progress] product=nordic-reindeer-family-matching-sweaters locale=it oversized=1/1 completed=1/5 cache=1102
[progress] product=nordic-reindeer-family-matching-sweaters locale=it batch=1/1 completed=5/5 cache=1106
[progress] product=nordic-reindeer-family-matching-sweaters locale=ja oversized=1/1 completed=1/5 cache=1101
[progress] product=nordic-reindeer-family-matching-sweaters locale=ja batch=1/1 completed=5/5 cache=1105
[progress] product=nordic-reindeer-family-matching-sweaters locale=ko oversized=1/1 completed=1/5 cache=1101
[progress] product=nordic-reindeer-family-matching-sweaters locale=ko batch=1/1 completed=5/5 cache=1105
[progress] product=nordic-reindeer-family-matching-sweaters locale=nl oversized=1/1 completed=1/5 cache=1100
[progress] product=nordic-reindeer-family-matching-sweaters locale=nl batch=1/1 completed=5/5 cache=1104
[progress] product=nordic-reindeer-family-matching-sweaters locale=no oversized=1/1 completed=1/5 cache=1100
[progress] product=nordic-reindeer-family-matching-sweaters locale=no batch=1/1 completed=5/5 cache=1104
[progress] product=nordic-reindeer-family-matching-sweaters locale=pl oversized=1/1 completed=1/5 cache=1100
[progress] product=nordic-reindeer-family-matching-sweaters locale=pl batch=1/1 completed=5/5 cache=1104
[progress] product=nordic-reindeer-family-matching-sweaters locale=pt-BR oversized=1/1 completed=1/5 cache=1099
[progress] product=nordic-reindeer-family-matching-sweaters locale=pt-BR batch=1/1 completed=5/5 cache=1103
[progress] product=nordic-reindeer-family-matching-sweaters locale=ro oversized=1/1 completed=1/5 cache=1099
[progress] product=nordic-reindeer-family-matching-sweaters locale=ro batch=1/1 completed=5/5 cache=1103
[progress] product=nordic-reindeer-family-matching-sweaters locale=ru oversized=1/1 completed=1/5 cache=1098
[progress] product=nordic-reindeer-family-matching-sweaters locale=ru batch=1/1 completed=5/5 cache=1102
[progress] product=nordic-reindeer-family-matching-sweaters locale=sv oversized=1/1 completed=1/5 cache=1097
[progress] product=nordic-reindeer-family-matching-sweaters locale=sv batch=1/1 completed=5/5 cache=1101
[progress] product=candy-cane-reindeer-family-matching-sweaters locale=ar batch=1/1 completed=5/5 cache=1118
[progress] product=candy-cane-reindeer-family-matching-sweaters locale=cs batch=1/1 completed=5/5 cache=1118
[progress] product=candy-cane-reindeer-family-matching-sweaters locale=da batch=1/1 completed=5/5 cache=1118
[progress] product=candy-cane-reindeer-family-matching-sweaters locale=de batch=1/1 completed=5/5 cache=1118
[progress] product=candy-cane-reindeer-family-matching-sweaters locale=el batch=1/1 completed=5/5 cache=1118
[progress] product=candy-cane-reindeer-family-matching-sweaters locale=es batch=1/1 completed=5/5 cache=1459
[progress] product=candy-cane-reindeer-family-matching-sweaters locale=fi batch=1/1 completed=5/5 cache=1116
[progress] product=candy-cane-reindeer-family-matching-sweaters locale=fr batch=1/1 completed=5/5 cache=1113
[progress] product=candy-cane-reindeer-family-matching-sweaters locale=he batch=1/1 completed=5/5 cache=1113
[progress] product=candy-cane-reindeer-family-matching-sweaters locale=hi batch=1/1 completed=5/5 cache=1113
[progress] product=candy-cane-reindeer-family-matching-sweaters locale=it batch=1/1 completed=5/5 cache=1107
[progress] product=candy-cane-reindeer-family-matching-sweaters locale=ja batch=1/1 completed=5/5 cache=1106
[progress] product=candy-cane-reindeer-family-matching-sweaters locale=ko batch=1/1 completed=5/5 cache=1106
[progress] product=candy-cane-reindeer-family-matching-sweaters locale=nl batch=1/1 completed=5/5 cache=1105
[progress] product=candy-cane-reindeer-family-matching-sweaters locale=no batch=1/1 completed=5/5 cache=1105
[progress] product=candy-cane-reindeer-family-matching-sweaters locale=pl batch=1/1 completed=5/5 cache=1105
[progress] product=candy-cane-reindeer-family-matching-sweaters locale=pt-BR batch=1/1 completed=5/5 cache=1104
[progress] product=candy-cane-reindeer-family-matching-sweaters locale=ro batch=1/1 completed=5/5 cache=1104
[progress] product=candy-cane-reindeer-family-matching-sweaters locale=ru batch=1/1 completed=5/5 cache=1103
[progress] product=candy-cane-reindeer-family-matching-sweaters locale=sv batch=1/1 completed=5/5 cache=1102
[progress] product=santa-tree-delivery-family-matching-sweaters locale=ar batch=1/1 completed=5/5 cache=1119
[progress] product=santa-tree-delivery-family-matching-sweaters locale=cs batch=1/1 completed=5/5 cache=1119
[progress] product=santa-tree-delivery-family-matching-sweaters locale=da batch=1/1 completed=5/5 cache=1119
[progress] product=santa-tree-delivery-family-matching-sweaters locale=de batch=1/1 completed=5/5 cache=1119
[progress] product=santa-tree-delivery-family-matching-sweaters locale=el batch=1/1 completed=5/5 cache=1119
[progress] product=santa-tree-delivery-family-matching-sweaters locale=es batch=1/1 completed=5/5 cache=1460
[progress] product=santa-tree-delivery-family-matching-sweaters locale=fi batch=1/1 completed=5/5 cache=1117
[progress] product=santa-tree-delivery-family-matching-sweaters locale=fr batch=1/1 completed=5/5 cache=1114
[progress] product=santa-tree-delivery-family-matching-sweaters locale=he batch=1/1 completed=5/5 cache=1114
[progress] product=santa-tree-delivery-family-matching-sweaters locale=hi batch=1/1 completed=5/5 cache=1114
[progress] product=santa-tree-delivery-family-matching-sweaters locale=it batch=1/1 completed=5/5 cache=1108
[progress] product=santa-tree-delivery-family-matching-sweaters locale=ja batch=1/1 completed=5/5 cache=1107
[progress] product=santa-tree-delivery-family-matching-sweaters locale=ko batch=1/1 completed=5/5 cache=1107
[progress] product=santa-tree-delivery-family-matching-sweaters locale=nl batch=1/1 completed=5/5 cache=1106
[progress] product=santa-tree-delivery-family-matching-sweaters locale=no batch=1/1 completed=5/5 cache=1106
[progress] product=santa-tree-delivery-family-matching-sweaters locale=pl batch=1/1 completed=5/5 cache=1106
[progress] product=santa-tree-delivery-family-matching-sweaters locale=pt-BR batch=1/1 completed=5/5 cache=1105
[progress] product=santa-tree-delivery-family-matching-sweaters locale=ro batch=1/1 completed=5/5 cache=1105
[progress] product=santa-tree-delivery-family-matching-sweaters locale=ru batch=1/1 completed=5/5 cache=1104
[progress] product=santa-tree-delivery-family-matching-sweaters locale=sv batch=1/1 completed=5/5 cache=1103
[progress] product=ho-ho-santa-family-matching-sweaters locale=ar batch=1/1 completed=5/5 cache=1120
[progress] product=ho-ho-santa-family-matching-sweaters locale=cs batch=1/1 completed=5/5 cache=1120
[progress] product=ho-ho-santa-family-matching-sweaters locale=da batch=1/1 completed=5/5 cache=1120
[progress] product=ho-ho-santa-family-matching-sweaters locale=de batch=1/1 completed=5/5 cache=1120
[progress] product=ho-ho-santa-family-matching-sweaters locale=el batch=1/1 completed=5/5 cache=1120
[progress] product=ho-ho-santa-family-matching-sweaters locale=es batch=1/1 completed=5/5 cache=1461
[progress] product=ho-ho-santa-family-matching-sweaters locale=fi batch=1/1 completed=5/5 cache=1118
[progress] product=ho-ho-santa-family-matching-sweaters locale=fr batch=1/1 completed=5/5 cache=1115
[progress] product=ho-ho-santa-family-matching-sweaters locale=he batch=1/1 completed=5/5 cache=1115
[progress] product=ho-ho-santa-family-matching-sweaters locale=hi batch=1/1 completed=5/5 cache=1115
[progress] product=ho-ho-santa-family-matching-sweaters locale=it batch=1/1 completed=5/5 cache=1109
[progress] product=ho-ho-santa-family-matching-sweaters locale=ja batch=1/1 completed=5/5 cache=1108
[progress] product=ho-ho-santa-family-matching-sweaters locale=ko batch=1/1 completed=5/5 cache=1108
[progress] product=ho-ho-santa-family-matching-sweaters locale=nl batch=1/1 completed=5/5 cache=1107
[progress] product=ho-ho-santa-family-matching-sweaters locale=no batch=1/1 completed=5/5 cache=1107
[progress] product=ho-ho-santa-family-matching-sweaters locale=pl batch=1/1 completed=5/5 cache=1107
[progress] product=ho-ho-santa-family-matching-sweaters locale=pt-BR batch=1/1 completed=5/5 cache=1106
[progress] product=ho-ho-santa-family-matching-sweaters locale=ro batch=1/1 completed=5/5 cache=1106
[progress] product=ho-ho-santa-family-matching-sweaters locale=ru batch=1/1 completed=5/5 cache=1105
[progress] product=ho-ho-santa-family-matching-sweaters locale=sv batch=1/1 completed=5/5 cache=1104
[progress] product=nordic-heart-reindeer-family-matching-sweaters locale=ar batch=1/1 completed=6/6 cache=1121
[progress] product=nordic-heart-reindeer-family-matching-sweaters locale=cs batch=1/1 completed=6/6 cache=1121
[progress] product=nordic-heart-reindeer-family-matching-sweaters locale=da batch=1/1 completed=6/6 cache=1121
[progress] product=nordic-heart-reindeer-family-matching-sweaters locale=de batch=1/1 completed=6/6 cache=1121
[progress] product=nordic-heart-reindeer-family-matching-sweaters locale=el batch=1/1 completed=6/6 cache=1121
[progress] product=nordic-heart-reindeer-family-matching-sweaters locale=es batch=1/1 completed=6/6 cache=1462
[progress] product=nordic-heart-reindeer-family-matching-sweaters locale=fi batch=1/1 completed=6/6 cache=1119
[progress] product=nordic-heart-reindeer-family-matching-sweaters locale=fr batch=1/1 completed=6/6 cache=1116
[progress] product=nordic-heart-reindeer-family-matching-sweaters locale=he batch=1/1 completed=6/6 cache=1116
[progress] product=nordic-heart-reindeer-family-matching-sweaters locale=hi batch=1/1 completed=6/6 cache=1116
[progress] product=nordic-heart-reindeer-family-matching-sweaters locale=it batch=1/1 completed=6/6 cache=1110
[progress] product=nordic-heart-reindeer-family-matching-sweaters locale=ja batch=1/1 completed=6/6 cache=1109
[progress] product=nordic-heart-reindeer-family-matching-sweaters locale=ko batch=1/1 completed=6/6 cache=1109
[progress] product=nordic-heart-reindeer-family-matching-sweaters locale=nl batch=1/1 completed=6/6 cache=1108
[progress] product=nordic-heart-reindeer-family-matching-sweaters locale=no batch=1/1 completed=6/6 cache=1108
[progress] product=nordic-heart-reindeer-family-matching-sweaters locale=pl batch=1/1 completed=6/6 cache=1108
[progress] product=nordic-heart-reindeer-family-matching-sweaters locale=pt-BR batch=1/1 completed=6/6 cache=1107
[progress] product=nordic-heart-reindeer-family-matching-sweaters locale=ro batch=1/1 completed=6/6 cache=1107
[progress] product=nordic-heart-reindeer-family-matching-sweaters locale=ru batch=1/1 completed=6/6 cache=1106
[progress] product=nordic-heart-reindeer-family-matching-sweaters locale=sv batch=1/1 completed=6/6 cache=1105
[progress] product=santa-hat-reindeer-family-matching-sweaters locale=ar oversized=1/1 completed=1/5 cache=1118
[progress] product=santa-hat-reindeer-family-matching-sweaters locale=ar batch=1/1 completed=5/5 cache=1122
[progress] product=santa-hat-reindeer-family-matching-sweaters locale=cs oversized=1/1 completed=1/5 cache=1118
[progress] product=santa-hat-reindeer-family-matching-sweaters locale=cs batch=1/1 completed=5/5 cache=1122
[progress] product=santa-hat-reindeer-family-matching-sweaters locale=da oversized=1/1 completed=1/5 cache=1118
[progress] product=santa-hat-reindeer-family-matching-sweaters locale=da batch=1/1 completed=5/5 cache=1122
[progress] product=santa-hat-reindeer-family-matching-sweaters locale=de oversized=1/1 completed=1/5 cache=1118
[progress] product=santa-hat-reindeer-family-matching-sweaters locale=de batch=1/1 completed=5/5 cache=1122
[progress] product=santa-hat-reindeer-family-matching-sweaters locale=el oversized=1/1 completed=1/5 cache=1118
[progress] product=santa-hat-reindeer-family-matching-sweaters locale=el batch=1/1 completed=5/5 cache=1122
[progress] product=santa-hat-reindeer-family-matching-sweaters locale=es oversized=1/1 completed=1/5 cache=1459
[progress] product=santa-hat-reindeer-family-matching-sweaters locale=es batch=1/1 completed=5/5 cache=1463
[progress] product=santa-hat-reindeer-family-matching-sweaters locale=fi oversized=1/1 completed=1/5 cache=1116
[progress] product=santa-hat-reindeer-family-matching-sweaters locale=fi batch=1/1 completed=5/5 cache=1120
[progress] product=santa-hat-reindeer-family-matching-sweaters locale=fr oversized=1/1 completed=1/5 cache=1113
[progress] product=santa-hat-reindeer-family-matching-sweaters locale=fr batch=1/1 completed=5/5 cache=1117
[progress] product=santa-hat-reindeer-family-matching-sweaters locale=he oversized=1/1 completed=1/5 cache=1113
[progress] product=santa-hat-reindeer-family-matching-sweaters locale=he batch=1/1 completed=5/5 cache=1117
[progress] product=santa-hat-reindeer-family-matching-sweaters locale=hi oversized=1/1 completed=1/5 cache=1113
[progress] product=santa-hat-reindeer-family-matching-sweaters locale=hi batch=1/1 completed=5/5 cache=1117
[progress] product=santa-hat-reindeer-family-matching-sweaters locale=it oversized=1/1 completed=1/5 cache=1107
[progress] product=santa-hat-reindeer-family-matching-sweaters locale=it batch=1/1 completed=5/5 cache=1111
[progress] product=santa-hat-reindeer-family-matching-sweaters locale=ja oversized=1/1 completed=1/5 cache=1106
[progress] product=santa-hat-reindeer-family-matching-sweaters locale=ja batch=1/1 completed=5/5 cache=1110
[progress] product=santa-hat-reindeer-family-matching-sweaters locale=ko oversized=1/1 completed=1/5 cache=1106
[progress] product=santa-hat-reindeer-family-matching-sweaters locale=ko batch=1/1 completed=5/5 cache=1110
[progress] product=santa-hat-reindeer-family-matching-sweaters locale=nl oversized=1/1 completed=1/5 cache=1105
[progress] product=santa-hat-reindeer-family-matching-sweaters locale=nl batch=1/1 completed=5/5 cache=1109
[progress] product=santa-hat-reindeer-family-matching-sweaters locale=no oversized=1/1 completed=1/5 cache=1105
[progress] product=santa-hat-reindeer-family-matching-sweaters locale=no batch=1/1 completed=5/5 cache=1109
[progress] product=santa-hat-reindeer-family-matching-sweaters locale=pl oversized=1/1 completed=1/5 cache=1105
[progress] product=santa-hat-reindeer-family-matching-sweaters locale=pl batch=1/1 completed=5/5 cache=1109
[progress] product=santa-hat-reindeer-family-matching-sweaters locale=pt-BR oversized=1/1 completed=1/5 cache=1104
[progress] product=santa-hat-reindeer-family-matching-sweaters locale=pt-BR batch=1/1 completed=5/5 cache=1108
[progress] product=santa-hat-reindeer-family-matching-sweaters locale=ro oversized=1/1 completed=1/5 cache=1104
[progress] product=santa-hat-reindeer-family-matching-sweaters locale=ro batch=1/1 completed=5/5 cache=1108
[progress] product=santa-hat-reindeer-family-matching-sweaters locale=ru oversized=1/1 completed=1/5 cache=1103
[progress] product=santa-hat-reindeer-family-matching-sweaters locale=ru batch=1/1 completed=5/5 cache=1107
[progress] product=santa-hat-reindeer-family-matching-sweaters locale=sv oversized=1/1 completed=1/5 cache=1102
[progress] product=santa-hat-reindeer-family-matching-sweaters locale=sv batch=1/1 completed=5/5 cache=1106
[progress] product=jingle-bells-santa-family-matching-sweaters locale=ar batch=1/1 completed=5/5 cache=1123
[progress] product=jingle-bells-santa-family-matching-sweaters locale=cs batch=1/1 completed=5/5 cache=1123
[progress] product=jingle-bells-santa-family-matching-sweaters locale=da batch=1/1 completed=5/5 cache=1123
[progress] product=jingle-bells-santa-family-matching-sweaters locale=de batch=1/1 completed=5/5 cache=1123
[progress] product=jingle-bells-santa-family-matching-sweaters locale=el batch=1/1 completed=5/5 cache=1123
[progress] product=jingle-bells-santa-family-matching-sweaters locale=es batch=1/1 completed=5/5 cache=1464
[progress] product=jingle-bells-santa-family-matching-sweaters locale=fi batch=1/1 completed=5/5 cache=1121
[progress] product=jingle-bells-santa-family-matching-sweaters locale=fr batch=1/1 completed=5/5 cache=1118
[progress] product=jingle-bells-santa-family-matching-sweaters locale=he batch=1/1 completed=5/5 cache=1118
[progress] product=jingle-bells-santa-family-matching-sweaters locale=hi batch=1/1 completed=5/5 cache=1118
[progress] product=jingle-bells-santa-family-matching-sweaters locale=it batch=1/1 completed=5/5 cache=1112
[progress] product=jingle-bells-santa-family-matching-sweaters locale=ja batch=1/1 completed=5/5 cache=1111
[progress] product=jingle-bells-santa-family-matching-sweaters locale=ko batch=1/1 completed=5/5 cache=1111
[progress] product=jingle-bells-santa-family-matching-sweaters locale=nl batch=1/1 completed=5/5 cache=1110
[progress] product=jingle-bells-santa-family-matching-sweaters locale=no batch=1/1 completed=5/5 cache=1110
[progress] product=jingle-bells-santa-family-matching-sweaters locale=pl batch=1/1 completed=5/5 cache=1110
[progress] product=jingle-bells-santa-family-matching-sweaters locale=pt-BR batch=1/1 completed=5/5 cache=1109
[progress] product=jingle-bells-santa-family-matching-sweaters locale=ro batch=1/1 completed=5/5 cache=1109
[progress] product=jingle-bells-santa-family-matching-sweaters locale=ru batch=1/1 completed=5/5 cache=1108
[progress] product=jingle-bells-santa-family-matching-sweaters locale=sv batch=1/1 completed=5/5 cache=1107
{
  "store_domain": "dresslikemommy-com.myshopify.com",
  "locales": [
    "ar",
    "cs",
    "da",
    "de",
    "el",
    "es",
    "fi",
    "fr",
    "he",
    "hi",
    "it",
    "ja",
    "ko",
    "nl",
    "no",
    "pl",
    "pt-BR",
    "ro",
    "ru",
    "sv"
  ],
  "candidate_products": 32,
  "processed_products": 32,
  "finalized_product_ids": [],
  "blocked_by_error": false,
  "execute": true,
  "option_resources_only": false,
  "deterministic_repairs_only": false,
  "state_path": "/Users/fsuels/.config/dresslikemommy/shopify-product-translation-state.json",
  "cache_path": "/Users/fsuels/Projects/dresslikemommy/ops/content/shopify-product-translation-live-cache.json"
}
